Archive member included to satisfy reference by file (symbol)

c:/progra~2/gnuarm~1/102021~1.10/bin/../lib/gcc/arm-none-eabi/10.3.1/thumb/v7e-m+fp/hard\libgcc.a(_arm_muldf3.o)
                              CMakeFiles/control.elf.dir/DSP_LIB/Source/FilteringFunctions/arm_biquad_cascade_df2T_f64.c.obj (__aeabi_dmul)
c:/progra~2/gnuarm~1/102021~1.10/bin/../lib/gcc/arm-none-eabi/10.3.1/thumb/v7e-m+fp/hard\libgcc.a(_arm_addsubdf3.o)
                              CMakeFiles/control.elf.dir/DSP_LIB/Source/MatrixFunctions/arm_mat_inverse_f64.c.obj (__aeabi_dsub)
c:/progra~2/gnuarm~1/102021~1.10/bin/../lib/gcc/arm-none-eabi/10.3.1/thumb/v7e-m+fp/hard\libgcc.a(_arm_muldivdf3.o)
                              CMakeFiles/control.elf.dir/DSP_LIB/Source/MatrixFunctions/arm_mat_inverse_f64.c.obj (__aeabi_ddiv)
c:/progra~2/gnuarm~1/102021~1.10/bin/../lib/gcc/arm-none-eabi/10.3.1/thumb/v7e-m+fp/hard\libgcc.a(_arm_cmpdf2.o)
                              CMakeFiles/control.elf.dir/DSP_LIB/Source/MatrixFunctions/arm_mat_inverse_f64.c.obj (__aeabi_dcmpeq)
c:/progra~2/gnuarm~1/102021~1.10/bin/../lib/gcc/arm-none-eabi/10.3.1/thumb/v7e-m+fp/hard\libgcc.a(_arm_truncdfsf2.o)
                              CMakeFiles/control.elf.dir/applications/controller.c.obj (__aeabi_d2f)
c:/progra~2/gnuarm~1/102021~1.10/bin/../lib/gcc/arm-none-eabi/10.3.1/thumb/v7e-m+fp/hard\libgcc.a(_aeabi_ldivmod.o)
                              CMakeFiles/control.elf.dir/DSP_LIB/Source/StatisticsFunctions/arm_mean_q31.c.obj (__aeabi_ldivmod)
c:/progra~2/gnuarm~1/102021~1.10/bin/../lib/gcc/arm-none-eabi/10.3.1/thumb/v7e-m+fp/hard\libgcc.a(_aeabi_uldivmod.o)
                              CMakeFiles/control.elf.dir/Drivers/STM32F4xx_HAL_Driver/Src/stm32f4xx_hal_rcc.c.obj (__aeabi_uldivmod)
c:/progra~2/gnuarm~1/102021~1.10/bin/../lib/gcc/arm-none-eabi/10.3.1/thumb/v7e-m+fp/hard\libgcc.a(_fixsfdi.o)
                              CMakeFiles/control.elf.dir/DSP_LIB/Source/SupportFunctions/arm_float_to_q31.c.obj (__aeabi_f2lz)
c:/progra~2/gnuarm~1/102021~1.10/bin/../lib/gcc/arm-none-eabi/10.3.1/thumb/v7e-m+fp/hard\libgcc.a(_fixunssfdi.o)
                              c:/progra~2/gnuarm~1/102021~1.10/bin/../lib/gcc/arm-none-eabi/10.3.1/thumb/v7e-m+fp/hard\libgcc.a(_fixsfdi.o) (__aeabi_f2ulz)
c:/progra~2/gnuarm~1/102021~1.10/bin/../lib/gcc/arm-none-eabi/10.3.1/thumb/v7e-m+fp/hard\libgcc.a(_udivmoddi4.o)
                              c:/progra~2/gnuarm~1/102021~1.10/bin/../lib/gcc/arm-none-eabi/10.3.1/thumb/v7e-m+fp/hard\libgcc.a(_aeabi_ldivmod.o) (__udivmoddi4)
c:/progra~2/gnuarm~1/102021~1.10/bin/../lib/gcc/arm-none-eabi/10.3.1/thumb/v7e-m+fp/hard\libgcc.a(_dvmd_tls.o)
                              c:/progra~2/gnuarm~1/102021~1.10/bin/../lib/gcc/arm-none-eabi/10.3.1/thumb/v7e-m+fp/hard\libgcc.a(_aeabi_ldivmod.o) (__aeabi_ldiv0)
c:/progra~2/gnuarm~1/102021~1.10/bin/../lib/gcc/arm-none-eabi/10.3.1/thumb/v7e-m+fp/hard\libgcc.a(_arm_fixunsdfsi.o)
                              c:/progra~2/gnuarm~1/102021~1.10/bin/../lib/gcc/arm-none-eabi/10.3.1/thumb/v7e-m+fp/hard\libgcc.a(_fixunssfdi.o) (__aeabi_d2uiz)
c:/progra~2/gnuarm~1/102021~1.10/bin/../lib/gcc/arm-none-eabi/10.3.1/../../../../arm-none-eabi/lib/thumb/v7e-m+fp/hard\libg.a(lib_a-errno.o)
                              CMakeFiles/control.elf.dir/Core/Src/syscalls.c.obj (__errno)
c:/progra~2/gnuarm~1/102021~1.10/bin/../lib/gcc/arm-none-eabi/10.3.1/../../../../arm-none-eabi/lib/thumb/v7e-m+fp/hard\libg.a(lib_a-exit.o)
                              c:/progra~2/gnuarm~1/102021~1.10/bin/../lib/gcc/arm-none-eabi/10.3.1/../../../../arm-none-eabi/lib/thumb/v7e-m+fp/hard/crt0.o (exit)
c:/progra~2/gnuarm~1/102021~1.10/bin/../lib/gcc/arm-none-eabi/10.3.1/../../../../arm-none-eabi/lib/thumb/v7e-m+fp/hard\libg.a(lib_a-impure.o)
                              c:/progra~2/gnuarm~1/102021~1.10/bin/../lib/gcc/arm-none-eabi/10.3.1/../../../../arm-none-eabi/lib/thumb/v7e-m+fp/hard\libg.a(lib_a-exit.o) (_global_impure_ptr)
c:/progra~2/gnuarm~1/102021~1.10/bin/../lib/gcc/arm-none-eabi/10.3.1/../../../../arm-none-eabi/lib/thumb/v7e-m+fp/hard\libg.a(lib_a-init.o)
                              c:/progra~2/gnuarm~1/102021~1.10/bin/../lib/gcc/arm-none-eabi/10.3.1/../../../../arm-none-eabi/lib/thumb/v7e-m+fp/hard/crt0.o (__libc_init_array)
c:/progra~2/gnuarm~1/102021~1.10/bin/../lib/gcc/arm-none-eabi/10.3.1/../../../../arm-none-eabi/lib/thumb/v7e-m+fp/hard\libg.a(lib_a-malloc.o)
                              CMakeFiles/control.elf.dir/applications/kalman_filter.c.obj (malloc)
c:/progra~2/gnuarm~1/102021~1.10/bin/../lib/gcc/arm-none-eabi/10.3.1/../../../../arm-none-eabi/lib/thumb/v7e-m+fp/hard\libg.a(lib_a-mallocr.o)
                              c:/progra~2/gnuarm~1/102021~1.10/bin/../lib/gcc/arm-none-eabi/10.3.1/../../../../arm-none-eabi/lib/thumb/v7e-m+fp/hard\libg.a(lib_a-malloc.o) (_malloc_r)
c:/progra~2/gnuarm~1/102021~1.10/bin/../lib/gcc/arm-none-eabi/10.3.1/../../../../arm-none-eabi/lib/thumb/v7e-m+fp/hard\libg.a(lib_a-memcpy.o)
[...]
Memory Configuration

Name             Origin             Length             Attributes
CCMRAM           0x10000000         0x00010000         xrw
RAM              0x20000000         0x00020000         xrw
FLASH            0x08000000         0x00100000         xr
*default*        0x00000000         0xffffffff

Linker script and memory map

LOAD c:/progra~2/gnuarm~1/102021~1.10/bin/../lib/gcc/arm-none-eabi/10.3.1/thumb/v7e-m+fp/hard/crti.o
LOAD c:/progra~2/gnuarm~1/102021~1.10/bin/../lib/gcc/arm-none-eabi/10.3.1/thumb/v7e-m+fp/hard/crtbegin.o
LOAD c:/progra~2/gnuarm~1/102021~1.10/bin/../lib/gcc/arm-none-eabi/10.3.1/../../../../arm-none-eabi/lib/thumb/v7e-m+fp/hard/crt0.o
LOAD CMakeFiles/control.elf.dir/Core/Src/dma.c.obj
LOAD CMakeFiles/control.elf.dir/Core/Src/freertos.c.obj
LOAD CMakeFiles/control.elf.dir/Core/Src/gpio.c.obj
LOAD CMakeFiles/control.elf.dir/Core/Src/main.c.obj
LOAD CMakeFiles/control.elf.dir/Core/Src/spi.c.obj
LOAD CMakeFiles/control.elf.dir/Core/Src/stm32f4xx_hal_msp.c.obj
LOAD CMakeFiles/control.elf.dir/Core/Src/stm32f4xx_hal_timebase_tim.c.obj
LOAD CMakeFiles/control.elf.dir/Core/Src/stm32f4xx_it.c.obj
LOAD CMakeFiles/control.elf.dir/Core/Src/syscalls.c.obj
LOAD CMakeFiles/control.elf.dir/Core/Src/sysmem.c.obj
LOAD CMakeFiles/control.elf.dir/Core/Src/system_stm32f4xx.c.obj
LOAD CMakeFiles/control.elf.dir/Core/Src/tim.c.obj
LOAD CMakeFiles/control.elf.dir/Core/Startup/startup_stm32f407ighx.s.obj
LOAD CMakeFiles/control.elf.dir/DSP_LIB/Source/BasicMathFunctions/arm_abs_f32.c.obj
LOAD CMakeFiles/control.elf.dir/DSP_LIB/Source/BasicMathFunctions/arm_abs_q15.c.obj
LOAD CMakeFiles/control.elf.dir/DSP_LIB/Source/BasicMathFunctions/arm_abs_q31.c.obj
LOAD CMakeFiles/control.elf.dir/DSP_LIB/Source/BasicMathFunctions/arm_abs_q7.c.obj
LOAD CMakeFiles/control.elf.dir/DSP_LIB/Source/BasicMathFunctions/arm_add_f32.c.obj
LOAD CMakeFiles/control.elf.dir/DSP_LIB/Source/BasicMathFunctions/arm_add_q15.c.obj
LOAD CMakeFiles/control.elf.dir/DSP_LIB/Source/BasicMathFunctions/arm_add_q31.c.obj
LOAD CMakeFiles/control.elf.dir/DSP_LIB/Source/BasicMathFunctions/arm_add_q7.c.obj
LOAD CMakeFiles/control.elf.dir/DSP_LIB/Source/BasicMathFunctions/arm_dot_prod_f32.c.obj
LOAD CMakeFiles/control.elf.dir/DSP_LIB/Source/BasicMathFunctions/arm_dot_prod_q15.c.obj
LOAD CMakeFiles/control.elf.dir/DSP_LIB/Source/BasicMathFunctions/arm_dot_prod_q31.c.obj
LOAD CMakeFiles/control.elf.dir/DSP_LIB/Source/BasicMathFunctions/arm_dot_prod_q7.c.obj
LOAD CMakeFiles/control.elf.dir/DSP_LIB/Source/BasicMathFunctions/arm_mult_f32.c.obj
LOAD CMakeFiles/control.elf.dir/DSP_LIB/Source/BasicMathFunctions/arm_mult_q15.c.obj
LOAD CMakeFiles/control.elf.dir/DSP_LIB/Source/BasicMathFunctions/arm_mult_q31.c.obj
LOAD CMakeFiles/control.elf.dir/DSP_LIB/Source/BasicMathFunctions/arm_mult_q7.c.obj
LOAD CMakeFiles/control.elf.dir/DSP_LIB/Source/BasicMathFunctions/arm_negate_f32.c.obj
LOAD CMakeFiles/control.elf.dir/DSP_LIB/Source/BasicMathFunctions/arm_negate_q15.c.obj
LOAD CMakeFiles/control.elf.dir/DSP_LIB/Source/BasicMathFunctions/arm_negate_q31.c.obj
LOAD CMakeFiles/control.elf.dir/DSP_LIB/Source/BasicMathFunctions/arm_negate_q7.c.obj
LOAD CMakeFiles/control.elf.dir/DSP_LIB/Source/BasicMathFunctions/arm_offset_f32.c.obj
LOAD CMakeFiles/control.elf.dir/DSP_LIB/Source/BasicMathFunctions/arm_offset_q15.c.obj
LOAD CMakeFiles/control.elf.dir/DSP_LIB/Source/BasicMathFunctions/arm_offset_q31.c.obj
LOAD CMakeFiles/control.elf.dir/DSP_LIB/Source/BasicMathFunctions/arm_offset_q7.c.obj
LOAD CMakeFiles/control.elf.dir/DSP_LIB/Source/BasicMathFunctions/arm_scale_f32.c.obj
LOAD CMakeFiles/control.elf.dir/DSP_LIB/Source/BasicMathFunctions/arm_scale_q15.c.obj
LOAD CMakeFiles/control.elf.dir/DSP_LIB/Source/BasicMathFunctions/arm_scale_q31.c.obj
LOAD CMakeFiles/control.elf.dir/DSP_LIB/Source/BasicMathFunctions/arm_scale_q7.c.obj
LOAD CMakeFiles/control.elf.dir/DSP_LIB/Source/BasicMathFunctions/arm_shift_q15.c.obj
LOAD CMakeFiles/control.elf.dir/DSP_LIB/Source/BasicMathFunctions/arm_shift_q31.c.obj
LOAD CMakeFiles/control.elf.dir/DSP_LIB/Source/BasicMathFunctions/arm_shift_q7.c.obj
LOAD CMakeFiles/control.elf.dir/DSP_LIB/Source/BasicMathFunctions/arm_sub_f32.c.obj
LOAD CMakeFiles/control.elf.dir/DSP_LIB/Source/BasicMathFunctions/arm_sub_q15.c.obj
LOAD CMakeFiles/control.elf.dir/DSP_LIB/Source/BasicMathFunctions/arm_sub_q31.c.obj
LOAD CMakeFiles/control.elf.dir/DSP_LIB/Source/BasicMathFunctions/arm_sub_q7.c.obj
LOAD CMakeFiles/control.elf.dir/DSP_LIB/Source/CommonTables/arm_common_tables.c.obj
LOAD CMakeFiles/control.elf.dir/DSP_LIB/Source/CommonTables/arm_const_structs.c.obj
LOAD CMakeFiles/control.elf.dir/DSP_LIB/Source/ComplexMathFunctions/arm_cmplx_conj_f32.c.obj
LOAD CMakeFiles/control.elf.dir/DSP_LIB/Source/ComplexMathFunctions/arm_cmplx_conj_q15.c.obj
LOAD CMakeFiles/control.elf.dir/DSP_LIB/Source/ComplexMathFunctions/arm_cmplx_conj_q31.c.obj
LOAD CMakeFiles/control.elf.dir/DSP_LIB/Source/ComplexMathFunctions/arm_cmplx_dot_prod_f32.c.obj
LOAD CMakeFiles/control.elf.dir/DSP_LIB/Source/ComplexMathFunctions/arm_cmplx_dot_prod_q15.c.obj
LOAD CMakeFiles/control.elf.dir/DSP_LIB/Source/ComplexMathFunctions/arm_cmplx_dot_prod_q31.c.obj
LOAD CMakeFiles/control.elf.dir/DSP_LIB/Source/ComplexMathFunctions/arm_cmplx_mag_f32.c.obj
LOAD CMakeFiles/control.elf.dir/DSP_LIB/Source/ComplexMathFunctions/arm_cmplx_mag_q15.c.obj
LOAD CMakeFiles/control.elf.dir/DSP_LIB/Source/ComplexMathFunctions/arm_cmplx_mag_q31.c.obj
LOAD CMakeFiles/control.elf.dir/DSP_LIB/Source/ComplexMathFunctions/arm_cmplx_mag_squared_f32.c.obj
LOAD CMakeFiles/control.elf.dir/DSP_LIB/Source/ComplexMathFunctions/arm_cmplx_mag_squared_q15.c.obj
LOAD CMakeFiles/control.elf.dir/DSP_LIB/Source/ComplexMathFunctions/arm_cmplx_mag_squared_q31.c.obj
LOAD CMakeFiles/control.elf.dir/DSP_LIB/Source/ComplexMathFunctions/arm_cmplx_mult_cmplx_f32.c.obj
LOAD CMakeFiles/control.elf.dir/DSP_LIB/Source/ComplexMathFunctions/arm_cmplx_mult_cmplx_q15.c.obj
LOAD CMakeFiles/control.elf.dir/DSP_LIB/Source/ComplexMathFunctions/arm_cmplx_mult_cmplx_q31.c.obj
LOAD CMakeFiles/control.elf.dir/DSP_LIB/Source/ComplexMathFunctions/arm_cmplx_mult_real_f32.c.obj
LOAD CMakeFiles/control.elf.dir/DSP_LIB/Source/ComplexMathFunctions/arm_cmplx_mult_real_q15.c.obj
LOAD CMakeFiles/control.elf.dir/DSP_LIB/Source/ComplexMathFunctions/arm_cmplx_mult_real_q31.c.obj
LOAD CMakeFiles/control.elf.dir/DSP_LIB/Source/ControllerFunctions/arm_pid_init_f32.c.obj
LOAD CMakeFiles/control.elf.dir/DSP_LIB/Source/ControllerFunctions/arm_pid_init_q15.c.obj
LOAD CMakeFiles/control.elf.dir/DSP_LIB/Source/ControllerFunctions/arm_pid_init_q31.c.obj
LOAD CMakeFiles/control.elf.dir/DSP_LIB/Source/ControllerFunctions/arm_pid_reset_f32.c.obj
LOAD CMakeFiles/control.elf.dir/DSP_LIB/Source/ControllerFunctions/arm_pid_reset_q15.c.obj
LOAD CMakeFiles/control.elf.dir/DSP_LIB/Source/ControllerFunctions/arm_pid_reset_q31.c.obj
LOAD CMakeFiles/control.elf.dir/DSP_LIB/Source/ControllerFunctions/arm_sin_cos_f32.c.obj
LOAD CMakeFiles/control.elf.dir/DSP_LIB/Source/ControllerFunctions/arm_sin_cos_q31.c.obj
LOAD CMakeFiles/control.elf.dir/DSP_LIB/Source/FastMathFunctions/arm_cos_f32.c.obj
LOAD CMakeFiles/control.elf.dir/DSP_LIB/Source/FastMathFunctions/arm_cos_q15.c.obj
LOAD CMakeFiles/control.elf.dir/DSP_LIB/Source/FastMathFunctions/arm_cos_q31.c.obj
LOAD CMakeFiles/control.elf.dir/DSP_LIB/Source/FastMathFunctions/arm_sin_f32.c.obj
LOAD CMakeFiles/control.elf.dir/DSP_LIB/Source/FastMathFunctions/arm_sin_q15.c.obj
LOAD CMakeFiles/control.elf.dir/DSP_LIB/Source/FastMathFunctions/arm_sin_q31.c.obj
LOAD CMakeFiles/control.elf.dir/DSP_LIB/Source/FastMathFunctions/arm_sqrt_q15.c.obj
LOAD CMakeFiles/control.elf.dir/DSP_LIB/Source/FastMathFunctions/arm_sqrt_q31.c.obj
LOAD CMakeFiles/control.elf.dir/DSP_LIB/Source/FilteringFunctions/arm_biquad_cascade_df1_32x64_init_q31.c.obj
LOAD CMakeFiles/control.elf.dir/DSP_LIB/Source/FilteringFunctions/arm_biquad_cascade_df1_32x64_q31.c.obj
LOAD CMakeFiles/control.elf.dir/DSP_LIB/Source/FilteringFunctions/arm_biquad_cascade_df1_f32.c.obj
LOAD CMakeFiles/control.elf.dir/DSP_LIB/Source/FilteringFunctions/arm_biquad_cascade_df1_fast_q15.c.obj
LOAD CMakeFiles/control.elf.dir/DSP_LIB/Source/FilteringFunctions/arm_biquad_cascade_df1_fast_q31.c.obj
LOAD CMakeFiles/control.elf.dir/DSP_LIB/Source/FilteringFunctions/arm_biquad_cascade_df1_init_f32.c.obj
LOAD CMakeFiles/control.elf.dir/DSP_LIB/Source/FilteringFunctions/arm_biquad_cascade_df1_init_q15.c.obj
LOAD CMakeFiles/control.elf.dir/DSP_LIB/Source/FilteringFunctions/arm_biquad_cascade_df1_init_q31.c.obj
LOAD CMakeFiles/control.elf.dir/DSP_LIB/Source/FilteringFunctions/arm_biquad_cascade_df1_q15.c.obj
LOAD CMakeFiles/control.elf.dir/DSP_LIB/Source/FilteringFunctions/arm_biquad_cascade_df1_q31.c.obj
LOAD CMakeFiles/control.elf.dir/DSP_LIB/Source/FilteringFunctions/arm_biquad_cascade_df2T_f32.c.obj
LOAD CMakeFiles/control.elf.dir/DSP_LIB/Source/FilteringFunctions/arm_biquad_cascade_df2T_f64.c.obj
LOAD CMakeFiles/control.elf.dir/DSP_LIB/Source/FilteringFunctions/arm_biquad_cascade_df2T_init_f32.c.obj
LOAD CMakeFiles/control.elf.dir/DSP_LIB/Source/FilteringFunctions/arm_biquad_cascade_df2T_init_f64.c.obj
LOAD CMakeFiles/control.elf.dir/DSP_LIB/Source/FilteringFunctions/arm_biquad_cascade_stereo_df2T_f32.c.obj
LOAD CMakeFiles/control.elf.dir/DSP_LIB/Source/FilteringFunctions/arm_biquad_cascade_stereo_df2T_init_f32.c.obj
LOAD CMakeFiles/control.elf.dir/DSP_LIB/Source/FilteringFunctions/arm_conv_f32.c.obj
LOAD CMakeFiles/control.elf.dir/DSP_LIB/Source/FilteringFunctions/arm_conv_fast_opt_q15.c.obj
LOAD CMakeFiles/control.elf.dir/DSP_LIB/Source/FilteringFunctions/arm_conv_fast_q15.c.obj
LOAD CMakeFiles/control.elf.dir/DSP_LIB/Source/FilteringFunctions/arm_conv_fast_q31.c.obj
LOAD CMakeFiles/control.elf.dir/DSP_LIB/Source/FilteringFunctions/arm_conv_opt_q15.c.obj
LOAD CMakeFiles/control.elf.dir/DSP_LIB/Source/FilteringFunctions/arm_conv_opt_q7.c.obj
LOAD CMakeFiles/control.elf.dir/DSP_LIB/Source/FilteringFunctions/arm_conv_partial_f32.c.obj
LOAD CMakeFiles/control.elf.dir/DSP_LIB/Source/FilteringFunctions/arm_conv_partial_fast_opt_q15.c.obj
LOAD CMakeFiles/control.elf.dir/DSP_LIB/Source/FilteringFunctions/arm_conv_partial_fast_q15.c.obj
LOAD CMakeFiles/control.elf.dir/DSP_LIB/Source/FilteringFunctions/arm_conv_partial_fast_q31.c.obj
LOAD CMakeFiles/control.elf.dir/DSP_LIB/Source/FilteringFunctions/arm_conv_partial_opt_q15.c.obj
LOAD CMakeFiles/control.elf.dir/DSP_LIB/Source/FilteringFunctions/arm_conv_partial_opt_q7.c.obj
LOAD CMakeFiles/control.elf.dir/DSP_LIB/Source/FilteringFunctions/arm_conv_partial_q15.c.obj
LOAD CMakeFiles/control.elf.dir/DSP_LIB/Source/FilteringFunctions/arm_conv_partial_q31.c.obj
LOAD CMakeFiles/control.elf.dir/DSP_LIB/Source/FilteringFunctions/arm_conv_partial_q7.c.obj
LOAD CMakeFiles/control.elf.dir/DSP_LIB/Source/FilteringFunctions/arm_conv_q15.c.obj
LOAD CMakeFiles/control.elf.dir/DSP_LIB/Source/FilteringFunctions/arm_conv_q31.c.obj
LOAD CMakeFiles/control.elf.dir/DSP_LIB/Source/FilteringFunctions/arm_conv_q7.c.obj
LOAD CMakeFiles/control.elf.dir/DSP_LIB/Source/FilteringFunctions/arm_correlate_f32.c.obj
LOAD CMakeFiles/control.elf.dir/DSP_LIB/Source/FilteringFunctions/arm_correlate_fast_opt_q15.c.obj
LOAD CMakeFiles/control.elf.dir/DSP_LIB/Source/FilteringFunctions/arm_correlate_fast_q15.c.obj
LOAD CMakeFiles/control.elf.dir/DSP_LIB/Source/FilteringFunctions/arm_correlate_fast_q31.c.obj
LOAD CMakeFiles/control.elf.dir/DSP_LIB/Source/FilteringFunctions/arm_correlate_opt_q15.c.obj
LOAD CMakeFiles/control.elf.dir/DSP_LIB/Source/FilteringFunctions/arm_correlate_opt_q7.c.obj
LOAD CMakeFiles/control.elf.dir/DSP_LIB/Source/FilteringFunctions/arm_correlate_q15.c.obj
LOAD CMakeFiles/control.elf.dir/DSP_LIB/Source/FilteringFunctions/arm_correlate_q31.c.obj
LOAD CMakeFiles/control.elf.dir/DSP_LIB/Source/FilteringFunctions/arm_correlate_q7.c.obj
LOAD CMakeFiles/control.elf.dir/DSP_LIB/Source/FilteringFunctions/arm_fir_decimate_f32.c.obj
LOAD CMakeFiles/control.elf.dir/DSP_LIB/Source/FilteringFunctions/arm_fir_decimate_fast_q15.c.obj
LOAD CMakeFiles/control.elf.dir/DSP_LIB/Source/FilteringFunctions/arm_fir_decimate_fast_q31.c.obj
LOAD CMakeFiles/control.elf.dir/DSP_LIB/Source/FilteringFunctions/arm_fir_decimate_init_f32.c.obj
LOAD CMakeFiles/control.elf.dir/DSP_LIB/Source/FilteringFunctions/arm_fir_decimate_init_q15.c.obj
LOAD CMakeFiles/control.elf.dir/DSP_LIB/Source/FilteringFunctions/arm_fir_decimate_init_q31.c.obj
LOAD CMakeFiles/control.elf.dir/DSP_LIB/Source/FilteringFunctions/arm_fir_decimate_q15.c.obj
LOAD CMakeFiles/control.elf.dir/DSP_LIB/Source/FilteringFunctions/arm_fir_decimate_q31.c.obj
LOAD CMakeFiles/control.elf.dir/DSP_LIB/Source/FilteringFunctions/arm_fir_f32.c.obj
LOAD CMakeFiles/control.elf.dir/DSP_LIB/Source/FilteringFunctions/arm_fir_fast_q15.c.obj
LOAD CMakeFiles/control.elf.dir/DSP_LIB/Source/FilteringFunctions/arm_fir_fast_q31.c.obj
LOAD CMakeFiles/control.elf.dir/DSP_LIB/Source/FilteringFunctions/arm_fir_init_f32.c.obj
LOAD CMakeFiles/control.elf.dir/DSP_LIB/Source/FilteringFunctions/arm_fir_init_q15.c.obj
LOAD CMakeFiles/control.elf.dir/DSP_LIB/Source/FilteringFunctions/arm_fir_init_q31.c.obj
LOAD CMakeFiles/control.elf.dir/DSP_LIB/Source/FilteringFunctions/arm_fir_init_q7.c.obj
LOAD CMakeFiles/control.elf.dir/DSP_LIB/Source/FilteringFunctions/arm_fir_interpolate_f32.c.obj
LOAD CMakeFiles/control.elf.dir/DSP_LIB/Source/FilteringFunctions/arm_fir_interpolate_init_f32.c.obj
LOAD CMakeFiles/control.elf.dir/DSP_LIB/Source/FilteringFunctions/arm_fir_interpolate_init_q15.c.obj
LOAD CMakeFiles/control.elf.dir/DSP_LIB/Source/FilteringFunctions/arm_fir_interpolate_init_q31.c.obj
LOAD CMakeFiles/control.elf.dir/DSP_LIB/Source/FilteringFunctions/arm_fir_interpolate_q15.c.obj
LOAD CMakeFiles/control.elf.dir/DSP_LIB/Source/FilteringFunctions/arm_fir_interpolate_q31.c.obj
LOAD CMakeFiles/control.elf.dir/DSP_LIB/Source/FilteringFunctions/arm_fir_lattice_f32.c.obj
LOAD CMakeFiles/control.elf.dir/DSP_LIB/Source/FilteringFunctions/arm_fir_lattice_init_f32.c.obj
LOAD CMakeFiles/control.elf.dir/DSP_LIB/Source/FilteringFunctions/arm_fir_lattice_init_q15.c.obj
LOAD CMakeFiles/control.elf.dir/DSP_LIB/Source/FilteringFunctions/arm_fir_lattice_init_q31.c.obj
LOAD CMakeFiles/control.elf.dir/DSP_LIB/Source/FilteringFunctions/arm_fir_lattice_q15.c.obj
LOAD CMakeFiles/control.elf.dir/DSP_LIB/Source/FilteringFunctions/arm_fir_lattice_q31.c.obj
LOAD CMakeFiles/control.elf.dir/DSP_LIB/Source/FilteringFunctions/arm_fir_q15.c.obj
LOAD CMakeFiles/control.elf.dir/DSP_LIB/Source/FilteringFunctions/arm_fir_q31.c.obj
LOAD CMakeFiles/control.elf.dir/DSP_LIB/Source/FilteringFunctions/arm_fir_q7.c.obj
LOAD CMakeFiles/control.elf.dir/DSP_LIB/Source/FilteringFunctions/arm_fir_sparse_f32.c.obj
LOAD CMakeFiles/control.elf.dir/DSP_LIB/Source/FilteringFunctions/arm_fir_sparse_init_f32.c.obj
LOAD CMakeFiles/control.elf.dir/DSP_LIB/Source/FilteringFunctions/arm_fir_sparse_init_q15.c.obj
LOAD CMakeFiles/control.elf.dir/DSP_LIB/Source/FilteringFunctions/arm_fir_sparse_init_q31.c.obj
LOAD CMakeFiles/control.elf.dir/DSP_LIB/Source/FilteringFunctions/arm_fir_sparse_init_q7.c.obj
LOAD CMakeFiles/control.elf.dir/DSP_LIB/Source/FilteringFunctions/arm_fir_sparse_q15.c.obj
LOAD CMakeFiles/control.elf.dir/DSP_LIB/Source/FilteringFunctions/arm_fir_sparse_q31.c.obj
LOAD CMakeFiles/control.elf.dir/DSP_LIB/Source/FilteringFunctions/arm_fir_sparse_q7.c.obj
LOAD CMakeFiles/control.elf.dir/DSP_LIB/Source/FilteringFunctions/arm_iir_lattice_f32.c.obj
LOAD CMakeFiles/control.elf.dir/DSP_LIB/Source/FilteringFunctions/arm_iir_lattice_init_f32.c.obj
LOAD CMakeFiles/control.elf.dir/DSP_LIB/Source/FilteringFunctions/arm_iir_lattice_init_q15.c.obj
LOAD CMakeFiles/control.elf.dir/DSP_LIB/Source/FilteringFunctions/arm_iir_lattice_init_q31.c.obj
LOAD CMakeFiles/control.elf.dir/DSP_LIB/Source/FilteringFunctions/arm_iir_lattice_q15.c.obj
LOAD CMakeFiles/control.elf.dir/DSP_LIB/Source/FilteringFunctions/arm_iir_lattice_q31.c.obj
LOAD CMakeFiles/control.elf.dir/DSP_LIB/Source/FilteringFunctions/arm_lms_f32.c.obj
LOAD CMakeFiles/control.elf.dir/DSP_LIB/Source/FilteringFunctions/arm_lms_init_f32.c.obj
LOAD CMakeFiles/control.elf.dir/DSP_LIB/Source/FilteringFunctions/arm_lms_init_q15.c.obj
LOAD CMakeFiles/control.elf.dir/DSP_LIB/Source/FilteringFunctions/arm_lms_init_q31.c.obj
LOAD CMakeFiles/control.elf.dir/DSP_LIB/Source/FilteringFunctions/arm_lms_norm_f32.c.obj
LOAD CMakeFiles/control.elf.dir/DSP_LIB/Source/FilteringFunctions/arm_lms_norm_init_f32.c.obj
LOAD CMakeFiles/control.elf.dir/DSP_LIB/Source/FilteringFunctions/arm_lms_norm_init_q15.c.obj
LOAD CMakeFiles/control.elf.dir/DSP_LIB/Source/FilteringFunctions/arm_lms_norm_init_q31.c.obj
LOAD CMakeFiles/control.elf.dir/DSP_LIB/Source/FilteringFunctions/arm_lms_norm_q15.c.obj
LOAD CMakeFiles/control.elf.dir/DSP_LIB/Source/FilteringFunctions/arm_lms_norm_q31.c.obj
LOAD CMakeFiles/control.elf.dir/DSP_LIB/Source/FilteringFunctions/arm_lms_q15.c.obj
LOAD CMakeFiles/control.elf.dir/DSP_LIB/Source/FilteringFunctions/arm_lms_q31.c.obj
LOAD CMakeFiles/control.elf.dir/DSP_LIB/Source/MatrixFunctions/arm_mat_add_f32.c.obj
LOAD CMakeFiles/control.elf.dir/DSP_LIB/Source/MatrixFunctions/arm_mat_add_q15.c.obj
LOAD CMakeFiles/control.elf.dir/DSP_LIB/Source/MatrixFunctions/arm_mat_add_q31.c.obj
LOAD CMakeFiles/control.elf.dir/DSP_LIB/Source/MatrixFunctions/arm_mat_cmplx_mult_f32.c.obj
LOAD CMakeFiles/control.elf.dir/DSP_LIB/Source/MatrixFunctions/arm_mat_cmplx_mult_q15.c.obj
LOAD CMakeFiles/control.elf.dir/DSP_LIB/Source/MatrixFunctions/arm_mat_cmplx_mult_q31.c.obj
LOAD CMakeFiles/control.elf.dir/DSP_LIB/Source/MatrixFunctions/arm_mat_init_f32.c.obj
LOAD CMakeFiles/control.elf.dir/DSP_LIB/Source/MatrixFunctions/arm_mat_init_q15.c.obj
LOAD CMakeFiles/control.elf.dir/DSP_LIB/Source/MatrixFunctions/arm_mat_init_q31.c.obj
LOAD CMakeFiles/control.elf.dir/DSP_LIB/Source/MatrixFunctions/arm_mat_inverse_f32.c.obj
LOAD CMakeFiles/control.elf.dir/DSP_LIB/Source/MatrixFunctions/arm_mat_inverse_f64.c.obj
LOAD CMakeFiles/control.elf.dir/DSP_LIB/Source/MatrixFunctions/arm_mat_mult_f32.c.obj
LOAD CMakeFiles/control.elf.dir/DSP_LIB/Source/MatrixFunctions/arm_mat_mult_fast_q15.c.obj
LOAD CMakeFiles/control.elf.dir/DSP_LIB/Source/MatrixFunctions/arm_mat_mult_fast_q31.c.obj
LOAD CMakeFiles/control.elf.dir/DSP_LIB/Source/MatrixFunctions/arm_mat_mult_q15.c.obj
LOAD CMakeFiles/control.elf.dir/DSP_LIB/Source/MatrixFunctions/arm_mat_mult_q31.c.obj
LOAD CMakeFiles/control.elf.dir/DSP_LIB/Source/MatrixFunctions/arm_mat_scale_f32.c.obj
LOAD CMakeFiles/control.elf.dir/DSP_LIB/Source/MatrixFunctions/arm_mat_scale_q15.c.obj
LOAD CMakeFiles/control.elf.dir/DSP_LIB/Source/MatrixFunctions/arm_mat_scale_q31.c.obj
LOAD CMakeFiles/control.elf.dir/DSP_LIB/Source/MatrixFunctions/arm_mat_sub_f32.c.obj
LOAD CMakeFiles/control.elf.dir/DSP_LIB/Source/MatrixFunctions/arm_mat_sub_q15.c.obj
LOAD CMakeFiles/control.elf.dir/DSP_LIB/Source/MatrixFunctions/arm_mat_sub_q31.c.obj
LOAD CMakeFiles/control.elf.dir/DSP_LIB/Source/MatrixFunctions/arm_mat_trans_f32.c.obj
LOAD CMakeFiles/control.elf.dir/DSP_LIB/Source/MatrixFunctions/arm_mat_trans_q15.c.obj
LOAD CMakeFiles/control.elf.dir/DSP_LIB/Source/MatrixFunctions/arm_mat_trans_q31.c.obj
LOAD CMakeFiles/control.elf.dir/DSP_LIB/Source/StatisticsFunctions/arm_max_f32.c.obj
LOAD CMakeFiles/control.elf.dir/DSP_LIB/Source/StatisticsFunctions/arm_max_q15.c.obj
LOAD CMakeFiles/control.elf.dir/DSP_LIB/Source/StatisticsFunctions/arm_max_q31.c.obj
LOAD CMakeFiles/control.elf.dir/DSP_LIB/Source/StatisticsFunctions/arm_max_q7.c.obj
LOAD CMakeFiles/control.elf.dir/DSP_LIB/Source/StatisticsFunctions/arm_mean_f32.c.obj
LOAD CMakeFiles/control.elf.dir/DSP_LIB/Source/StatisticsFunctions/arm_mean_q15.c.obj
LOAD CMakeFiles/control.elf.dir/DSP_LIB/Source/StatisticsFunctions/arm_mean_q31.c.obj
LOAD CMakeFiles/control.elf.dir/DSP_LIB/Source/StatisticsFunctions/arm_mean_q7.c.obj
LOAD CMakeFiles/control.elf.dir/DSP_LIB/Source/StatisticsFunctions/arm_min_f32.c.obj
LOAD CMakeFiles/control.elf.dir/DSP_LIB/Source/StatisticsFunctions/arm_min_q15.c.obj
LOAD CMakeFiles/control.elf.dir/DSP_LIB/Source/StatisticsFunctions/arm_min_q31.c.obj
LOAD CMakeFiles/control.elf.dir/DSP_LIB/Source/StatisticsFunctions/arm_min_q7.c.obj
LOAD CMakeFiles/control.elf.dir/DSP_LIB/Source/StatisticsFunctions/arm_power_f32.c.obj
LOAD CMakeFiles/control.elf.dir/DSP_LIB/Source/StatisticsFunctions/arm_power_q15.c.obj
LOAD CMakeFiles/control.elf.dir/DSP_LIB/Source/StatisticsFunctions/arm_power_q31.c.obj
LOAD CMakeFiles/control.elf.dir/DSP_LIB/Source/StatisticsFunctions/arm_power_q7.c.obj
LOAD CMakeFiles/control.elf.dir/DSP_LIB/Source/StatisticsFunctions/arm_rms_f32.c.obj
LOAD CMakeFiles/control.elf.dir/DSP_LIB/Source/StatisticsFunctions/arm_rms_q15.c.obj
LOAD CMakeFiles/control.elf.dir/DSP_LIB/Source/StatisticsFunctions/arm_rms_q31.c.obj
LOAD CMakeFiles/control.elf.dir/DSP_LIB/Source/StatisticsFunctions/arm_std_f32.c.obj
LOAD CMakeFiles/control.elf.dir/DSP_LIB/Source/StatisticsFunctions/arm_std_q15.c.obj
LOAD CMakeFiles/control.elf.dir/DSP_LIB/Source/StatisticsFunctions/arm_std_q31.c.obj
LOAD CMakeFiles/control.elf.dir/DSP_LIB/Source/StatisticsFunctions/arm_var_f32.c.obj
LOAD CMakeFiles/control.elf.dir/DSP_LIB/Source/StatisticsFunctions/arm_var_q15.c.obj
LOAD CMakeFiles/control.elf.dir/DSP_LIB/Source/StatisticsFunctions/arm_var_q31.c.obj
LOAD CMakeFiles/control.elf.dir/DSP_LIB/Source/SupportFunctions/arm_copy_f32.c.obj
LOAD CMakeFiles/control.elf.dir/DSP_LIB/Source/SupportFunctions/arm_copy_q15.c.obj
LOAD CMakeFiles/control.elf.dir/DSP_LIB/Source/SupportFunctions/arm_copy_q31.c.obj
LOAD CMakeFiles/control.elf.dir/DSP_LIB/Source/SupportFunctions/arm_copy_q7.c.obj
LOAD CMakeFiles/control.elf.dir/DSP_LIB/Source/SupportFunctions/arm_fill_f32.c.obj
LOAD CMakeFiles/control.elf.dir/DSP_LIB/Source/SupportFunctions/arm_fill_q15.c.obj
LOAD CMakeFiles/control.elf.dir/DSP_LIB/Source/SupportFunctions/arm_fill_q31.c.obj
LOAD CMakeFiles/control.elf.dir/DSP_LIB/Source/SupportFunctions/arm_fill_q7.c.obj
LOAD CMakeFiles/control.elf.dir/DSP_LIB/Source/SupportFunctions/arm_float_to_q15.c.obj
LOAD CMakeFiles/control.elf.dir/DSP_LIB/Source/SupportFunctions/arm_float_to_q31.c.obj
LOAD CMakeFiles/control.elf.dir/DSP_LIB/Source/SupportFunctions/arm_float_to_q7.c.obj
LOAD CMakeFiles/control.elf.dir/DSP_LIB/Source/SupportFunctions/arm_q15_to_float.c.obj
LOAD CMakeFiles/control.elf.dir/DSP_LIB/Source/SupportFunctions/arm_q15_to_q31.c.obj
LOAD CMakeFiles/control.elf.dir/DSP_LIB/Source/SupportFunctions/arm_q15_to_q7.c.obj
LOAD CMakeFiles/control.elf.dir/DSP_LIB/Source/SupportFunctions/arm_q31_to_float.c.obj
LOAD CMakeFiles/control.elf.dir/DSP_LIB/Source/SupportFunctions/arm_q31_to_q15.c.obj
LOAD CMakeFiles/control.elf.dir/DSP_LIB/Source/SupportFunctions/arm_q31_to_q7.c.obj
LOAD CMakeFiles/control.elf.dir/DSP_LIB/Source/SupportFunctions/arm_q7_to_float.c.obj
LOAD CMakeFiles/control.elf.dir/DSP_LIB/Source/SupportFunctions/arm_q7_to_q15.c.obj
LOAD CMakeFiles/control.elf.dir/DSP_LIB/Source/SupportFunctions/arm_q7_to_q31.c.obj
LOAD CMakeFiles/control.elf.dir/DSP_LIB/Source/TransformFunctions/arm_bitreversal.c.obj
LOAD CMakeFiles/control.elf.dir/DSP_LIB/Source/TransformFunctions/arm_bitreversal2.S.obj
LOAD CMakeFiles/control.elf.dir/DSP_LIB/Source/TransformFunctions/arm_cfft_f32.c.obj
LOAD CMakeFiles/control.elf.dir/DSP_LIB/Source/TransformFunctions/arm_cfft_q15.c.obj
LOAD CMakeFiles/control.elf.dir/DSP_LIB/Source/TransformFunctions/arm_cfft_q31.c.obj
LOAD CMakeFiles/control.elf.dir/DSP_LIB/Source/TransformFunctions/arm_cfft_radix2_f32.c.obj
LOAD CMakeFiles/control.elf.dir/DSP_LIB/Source/TransformFunctions/arm_cfft_radix2_init_f32.c.obj
LOAD CMakeFiles/control.elf.dir/DSP_LIB/Source/TransformFunctions/arm_cfft_radix2_init_q15.c.obj
LOAD CMakeFiles/control.elf.dir/DSP_LIB/Source/TransformFunctions/arm_cfft_radix2_init_q31.c.obj
LOAD CMakeFiles/control.elf.dir/DSP_LIB/Source/TransformFunctions/arm_cfft_radix2_q15.c.obj
LOAD CMakeFiles/control.elf.dir/DSP_LIB/Source/TransformFunctions/arm_cfft_radix2_q31.c.obj
LOAD CMakeFiles/control.elf.dir/DSP_LIB/Source/TransformFunctions/arm_cfft_radix4_f32.c.obj
LOAD CMakeFiles/control.elf.dir/DSP_LIB/Source/TransformFunctions/arm_cfft_radix4_init_f32.c.obj
LOAD CMakeFiles/control.elf.dir/DSP_LIB/Source/TransformFunctions/arm_cfft_radix4_init_q15.c.obj
LOAD CMakeFiles/control.elf.dir/DSP_LIB/Source/TransformFunctions/arm_cfft_radix4_init_q31.c.obj
LOAD CMakeFiles/control.elf.dir/DSP_LIB/Source/TransformFunctions/arm_cfft_radix4_q15.c.obj
LOAD CMakeFiles/control.elf.dir/DSP_LIB/Source/TransformFunctions/arm_cfft_radix4_q31.c.obj
LOAD CMakeFiles/control.elf.dir/DSP_LIB/Source/TransformFunctions/arm_cfft_radix8_f32.c.obj
LOAD CMakeFiles/control.elf.dir/DSP_LIB/Source/TransformFunctions/arm_dct4_f32.c.obj
LOAD CMakeFiles/control.elf.dir/DSP_LIB/Source/TransformFunctions/arm_dct4_init_f32.c.obj
LOAD CMakeFiles/control.elf.dir/DSP_LIB/Source/TransformFunctions/arm_dct4_init_q15.c.obj
LOAD CMakeFiles/control.elf.dir/DSP_LIB/Source/TransformFunctions/arm_dct4_init_q31.c.obj
LOAD CMakeFiles/control.elf.dir/DSP_LIB/Source/TransformFunctions/arm_dct4_q15.c.obj
LOAD CMakeFiles/control.elf.dir/DSP_LIB/Source/TransformFunctions/arm_dct4_q31.c.obj
LOAD CMakeFiles/control.elf.dir/DSP_LIB/Source/TransformFunctions/arm_rfft_f32.c.obj
LOAD CMakeFiles/control.elf.dir/DSP_LIB/Source/TransformFunctions/arm_rfft_fast_f32.c.obj
LOAD CMakeFiles/control.elf.dir/DSP_LIB/Source/TransformFunctions/arm_rfft_fast_init_f32.c.obj
LOAD CMakeFiles/control.elf.dir/DSP_LIB/Source/TransformFunctions/arm_rfft_init_f32.c.obj
LOAD CMakeFiles/control.elf.dir/DSP_LIB/Source/TransformFunctions/arm_rfft_init_q15.c.obj
LOAD CMakeFiles/control.elf.dir/DSP_LIB/Source/TransformFunctions/arm_rfft_init_q31.c.obj
LOAD CMakeFiles/control.elf.dir/DSP_LIB/Source/TransformFunctions/arm_rfft_q15.c.obj
LOAD CMakeFiles/control.elf.dir/DSP_LIB/Source/TransformFunctions/arm_rfft_q31.c.obj
LOAD CMakeFiles/control.elf.dir/Drivers/STM32F4xx_HAL_Driver/Src/stm32f4xx_hal.c.obj
LOAD CMakeFiles/control.elf.dir/Drivers/STM32F4xx_HAL_Driver/Src/stm32f4xx_hal_cortex.c.obj
LOAD CMakeFiles/control.elf.dir/Drivers/STM32F4xx_HAL_Driver/Src/stm32f4xx_hal_dma.c.obj
LOAD CMakeFiles/control.elf.dir/Drivers/STM32F4xx_HAL_Driver/Src/stm32f4xx_hal_dma_ex.c.obj
LOAD CMakeFiles/control.elf.dir/Drivers/STM32F4xx_HAL_Driver/Src/stm32f4xx_hal_exti.c.obj
LOAD CMakeFiles/control.elf.dir/Drivers/STM32F4xx_HAL_Driver/Src/stm32f4xx_hal_flash.c.obj
LOAD CMakeFiles/control.elf.dir/Drivers/STM32F4xx_HAL_Driver/Src/stm32f4xx_hal_flash_ex.c.obj
LOAD CMakeFiles/control.elf.dir/Drivers/STM32F4xx_HAL_Driver/Src/stm32f4xx_hal_flash_ramfunc.c.obj
LOAD CMakeFiles/control.elf.dir/Drivers/STM32F4xx_HAL_Driver/Src/stm32f4xx_hal_gpio.c.obj
LOAD CMakeFiles/control.elf.dir/Drivers/STM32F4xx_HAL_Driver/Src/stm32f4xx_hal_pwr.c.obj
LOAD CMakeFiles/control.elf.dir/Drivers/STM32F4xx_HAL_Driver/Src/stm32f4xx_hal_pwr_ex.c.obj
LOAD CMakeFiles/control.elf.dir/Drivers/STM32F4xx_HAL_Driver/Src/stm32f4xx_hal_rcc.c.obj
LOAD CMakeFiles/control.elf.dir/Drivers/STM32F4xx_HAL_Driver/Src/stm32f4xx_hal_rcc_ex.c.obj
LOAD CMakeFiles/control.elf.dir/Drivers/STM32F4xx_HAL_Driver/Src/stm32f4xx_hal_spi.c.obj
LOAD CMakeFiles/control.elf.dir/Drivers/STM32F4xx_HAL_Driver/Src/stm32f4xx_hal_tim.c.obj
LOAD CMakeFiles/control.elf.dir/Drivers/STM32F4xx_HAL_Driver/Src/stm32f4xx_hal_tim_ex.c.obj
LOAD CMakeFiles/control.elf.dir/Middlewares/Third_Party/FreeRTOS/Source/CMSIS_RTOS_V2/cmsis_os2.c.obj
LOAD CMakeFiles/control.elf.dir/Middlewares/Third_Party/FreeRTOS/Source/croutine.c.obj
LOAD CMakeFiles/control.elf.dir/Middlewares/Third_Party/FreeRTOS/Source/event_groups.c.obj
LOAD CMakeFiles/control.elf.dir/Middlewares/Third_Party/FreeRTOS/Source/list.c.obj
LOAD CMakeFiles/control.elf.dir/Middlewares/Third_Party/FreeRTOS/Source/portable/GCC/ARM_CM4F/port.c.obj
LOAD CMakeFiles/control.elf.dir/Middlewares/Third_Party/FreeRTOS/Source/portable/MemMang/heap_4.c.obj
LOAD CMakeFiles/control.elf.dir/Middlewares/Third_Party/FreeRTOS/Source/queue.c.obj
LOAD CMakeFiles/control.elf.dir/Middlewares/Third_Party/FreeRTOS/Source/stream_buffer.c.obj
LOAD CMakeFiles/control.elf.dir/Middlewares/Third_Party/FreeRTOS/Source/tasks.c.obj
LOAD CMakeFiles/control.elf.dir/Middlewares/Third_Party/FreeRTOS/Source/timers.c.obj
LOAD CMakeFiles/control.elf.dir/applications/BMI088Middleware.c.obj
LOAD CMakeFiles/control.elf.dir/applications/BMI088driver.c.obj
LOAD CMakeFiles/control.elf.dir/applications/QuaternionEKF.c.obj
LOAD CMakeFiles/control.elf.dir/applications/bsp_PWM.c.obj
LOAD CMakeFiles/control.elf.dir/applications/bsp_dwt.c.obj
LOAD CMakeFiles/control.elf.dir/applications/controller.c.obj
LOAD CMakeFiles/control.elf.dir/applications/ins_task.c.obj
LOAD CMakeFiles/control.elf.dir/applications/kalman_filter.c.obj
LOAD CMakeFiles/control.elf.dir/applications/transfer_function.c.obj
LOAD CMakeFiles/control.elf.dir/applications/user_lib.c.obj
LOAD CMakeFiles/control.elf.dir/controller/INS.c.obj
LOAD CMakeFiles/control.elf.dir/controller/led.c.obj
START GROUP
LOAD c:/progra~2/gnuarm~1/102021~1.10/bin/../lib/gcc/arm-none-eabi/10.3.1/thumb/v7e-m+fp/hard\libgcc.a
LOAD c:/progra~2/gnuarm~1/102021~1.10/bin/../lib/gcc/arm-none-eabi/10.3.1/../../../../arm-none-eabi/lib/thumb/v7e-m+fp/hard\libg.a
LOAD c:/progra~2/gnuarm~1/102021~1.10/bin/../lib/gcc/arm-none-eabi/10.3.1/../../../../arm-none-eabi/lib/thumb/v7e-m+fp/hard\libc.a
END GROUP
LOAD c:/progra~2/gnuarm~1/102021~1.10/bin/../lib/gcc/arm-none-eabi/10.3.1/thumb/v7e-m+fp/hard/crtend.o
LOAD c:/progra~2/gnuarm~1/102021~1.10/bin/../lib/gcc/arm-none-eabi/10.3.1/thumb/v7e-m+fp/hard/crtn.o
                0x20020000                _estack = (ORIGIN (RAM) + LENGTH (RAM))
                0x00000200                _Min_Heap_Size = 0x200
                0x00000400                _Min_Stack_Size = 0x400

.isr_vector     0x08000000      0x188
                0x08000000                . = ALIGN (0x4)
 *(.isr_vector)
 .isr_vector    0x08000000      0x188 CMakeFiles/control.elf.dir/Core/Startup/startup_stm32f407ighx.s.obj
                0x08000000                g_pfnVectors
                0x08000188                . = ALIGN (0x4)

.text           0x08000190     0x8cd4
                0x08000190                . = ALIGN (0x4)
 *(.text)
 .text          0x08000190       0x40 c:/progra~2/gnuarm~1/102021~1.10/bin/../lib/gcc/arm-none-eabi/10.3.1/thumb/v7e-m+fp/hard/crtbegin.o
 .text          0x080001d0       0x30 c:/progra~2/gnuarm~1/102021~1.10/bin/../lib/gcc/arm-none-eabi/10.3.1/thumb/v7e-m+fp/hard\libgcc.a(_aeabi_uldivmod.o)
                0x080001d0                __aeabi_uldivmod
 .text          0x08000200      0x2d0 c:/progra~2/gnuarm~1/102021~1.10/bin/../lib/gcc/arm-none-eabi/10.3.1/thumb/v7e-m+fp/hard\libgcc.a(_udivmoddi4.o)
                0x08000200                __udivmoddi4
 .text          0x080004d0        0x4 c:/progra~2/gnuarm~1/102021~1.10/bin/../lib/gcc/arm-none-eabi/10.3.1/thumb/v7e-m+fp/hard\libgcc.a(_dvmd_tls.o)
                0x080004d0                __aeabi_idiv0
                0x080004d0                __aeabi_ldiv0
 .text          0x080004d4      0x134 c:/progra~2/gnuarm~1/102021~1.10/bin/../lib/gcc/arm-none-eabi/10.3.1/../../../../arm-none-eabi/lib/thumb/v7e-m+fp/hard\libg.a(lib_a-memcpy.o)
                0x080004d4                memcpy
 *(.text*)
 .text.MX_DMA_Init
                0x08000608       0x44 CMakeFiles/control.elf.dir/Core/Src/dma.c.obj
                0x08000608                MX_DMA_Init
 .text.MX_FREERTOS_Init
                0x0800064c       0x54 CMakeFiles/control.elf.dir/Core/Src/freertos.c.obj
                0x0800064c                MX_FREERTOS_Init
 .text.MX_GPIO_Init
                0x080006a0      0x268 CMakeFiles/control.elf.dir/Core/Src/gpio.c.obj
                0x080006a0                MX_GPIO_Init
 .text.HAL_TIM_PeriodElapsedCallback
                0x08000908       0x12 CMakeFiles/control.elf.dir/Core/Src/main.c.obj
                0x08000908                HAL_TIM_PeriodElapsedCallback
 .text.Error_Handler
                0x0800091a        0x4 CMakeFiles/control.elf.dir/Core/Src/main.c.obj
                0x0800091a                Error_Handler
 *fill*         0x0800091e        0x2 
 .text.SystemClock_Config
                0x08000920       0xa8 CMakeFiles/control.elf.dir/Core/Src/main.c.obj
                0x08000920                SystemClock_Config
 .text.main     0x080009c8       0x40 CMakeFiles/control.elf.dir/Core/Src/main.c.obj
                0x080009c8                main
 .text.MX_SPI1_Init
                0x08000a08       0x48 CMakeFiles/control.elf.dir/Core/Src/spi.c.obj
                0x08000a08                MX_SPI1_Init
 .text.HAL_SPI_MspInit
                0x08000a50      0x130 CMakeFiles/control.elf.dir/Core/Src/spi.c.obj
                0x08000a50                HAL_SPI_MspInit
 .text.HAL_MspInit
                0x08000b80       0x44 CMakeFiles/control.elf.dir/Core/Src/stm32f4xx_hal_msp.c.obj
                0x08000b80                HAL_MspInit
 .text.HAL_InitTick
                0x08000bc4       0xa4 CMakeFiles/control.elf.dir/Core/Src/stm32f4xx_hal_timebase_tim.c.obj
                0x08000bc4                HAL_InitTick
 .text.NMI_Handler
                0x08000c68        0x2 CMakeFiles/control.elf.dir/Core/Src/stm32f4xx_it.c.obj
                0x08000c68                NMI_Handler
 .text.HardFault_Handler
                0x08000c6a        0x2 CMakeFiles/control.elf.dir/Core/Src/stm32f4xx_it.c.obj
                0x08000c6a                HardFault_Handler
 .text.MemManage_Handler
                0x08000c6c        0x2 CMakeFiles/control.elf.dir/Core/Src/stm32f4xx_it.c.obj
                0x08000c6c                MemManage_Handler
 .text.BusFault_Handler
                0x08000c6e        0x2 CMakeFiles/control.elf.dir/Core/Src/stm32f4xx_it.c.obj
                0x08000c6e                BusFault_Handler
 .text.UsageFault_Handler
                0x08000c70        0x2 CMakeFiles/control.elf.dir/Core/Src/stm32f4xx_it.c.obj
                0x08000c70                UsageFault_Handler
 .text.DebugMon_Handler
                0x08000c72        0x2 CMakeFiles/control.elf.dir/Core/Src/stm32f4xx_it.c.obj
                0x08000c72                DebugMon_Handler
 .text.EXTI3_IRQHandler
                0x08000c74        0xa CMakeFiles/control.elf.dir/Core/Src/stm32f4xx_it.c.obj
                0x08000c74                EXTI3_IRQHandler
 .text.EXTI4_IRQHandler
                0x08000c7e        0xa CMakeFiles/control.elf.dir/Core/Src/stm32f4xx_it.c.obj
                0x08000c7e                EXTI4_IRQHandler
 .text.EXTI9_5_IRQHandler
                0x08000c88       0x16 CMakeFiles/control.elf.dir/Core/Src/stm32f4xx_it.c.obj
                0x08000c88                EXTI9_5_IRQHandler
 *fill*         0x08000c9e        0x2 
 .text.TIM2_IRQHandler
                0x08000ca0       0x10 CMakeFiles/control.elf.dir/Core/Src/stm32f4xx_it.c.obj
                0x08000ca0                TIM2_IRQHandler
 .text._sbrk    0x08000cb0       0x48 CMakeFiles/control.elf.dir/Core/Src/sysmem.c.obj
                0x08000cb0                _sbrk
 .text.SystemInit
                0x08000cf8       0x14 CMakeFiles/control.elf.dir/Core/Src/system_stm32f4xx.c.obj
                0x08000cf8                SystemInit
 .text.HAL_TIM_Base_MspInit
                0x08000d0c       0x30 CMakeFiles/control.elf.dir/Core/Src/tim.c.obj
                0x08000d0c                HAL_TIM_Base_MspInit
 .text.HAL_TIM_MspPostInit
                0x08000d3c       0x60 CMakeFiles/control.elf.dir/Core/Src/tim.c.obj
                0x08000d3c                HAL_TIM_MspPostInit
 .text.MX_TIM10_Init
                0x08000d9c       0x74 CMakeFiles/control.elf.dir/Core/Src/tim.c.obj
                0x08000d9c                MX_TIM10_Init
 .text.Reset_Handler
                0x08000e10       0x50 CMakeFiles/control.elf.dir/Core/Startup/startup_stm32f407ighx.s.obj
                0x08000e10                Reset_Handler
 .text.Default_Handler
                0x08000e60        0x2 CMakeFiles/control.elf.dir/Core/Startup/startup_stm32f407ighx.s.obj
                0x08000e60                RTC_Alarm_IRQHandler
                0x08000e60                HASH_RNG_IRQHandler
                0x08000e60                EXTI2_IRQHandler
                0x08000e60                TIM8_CC_IRQHandler
                0x08000e60                TIM1_CC_IRQHandler
                0x08000e60                DMA2_Stream5_IRQHandler
                0x08000e60                DMA1_Stream5_IRQHandler
                0x08000e60                PVD_IRQHandler
                0x08000e60                SDIO_IRQHandler
                0x08000e60                TAMP_STAMP_IRQHandler
                0x08000e60                CAN2_RX1_IRQHandler
                0x08000e60                TIM8_TRG_COM_TIM14_IRQHandler
                0x08000e60                TIM1_UP_TIM10_IRQHandler
                0x08000e60                TIM8_UP_TIM13_IRQHandler
                0x08000e60                I2C3_ER_IRQHandler
                0x08000e60                EXTI0_IRQHandler
                0x08000e60                I2C2_EV_IRQHandler
                0x08000e60                DMA1_Stream2_IRQHandler
                0x08000e60                CAN1_RX0_IRQHandler
                0x08000e60                FPU_IRQHandler
                0x08000e60                OTG_HS_WKUP_IRQHandler
                0x08000e60                CAN2_SCE_IRQHandler
                0x08000e60                DMA2_Stream2_IRQHandler
                0x08000e60                SPI1_IRQHandler
                0x08000e60                TIM6_DAC_IRQHandler
                0x08000e60                TIM1_BRK_TIM9_IRQHandler
                0x08000e60                DCMI_IRQHandler
                0x08000e60                CAN2_RX0_IRQHandler
                0x08000e60                DMA2_Stream3_IRQHandler
                0x08000e60                USART6_IRQHandler
                0x08000e60                USART3_IRQHandler
                0x08000e60                CAN1_RX1_IRQHandler
                0x08000e60                UART5_IRQHandler
                0x08000e60                DMA2_Stream0_IRQHandler
                0x08000e60                TIM4_IRQHandler
                0x08000e60                I2C1_EV_IRQHandler
                0x08000e60                DMA1_Stream6_IRQHandler
                0x08000e60                DMA1_Stream1_IRQHandler
                0x08000e60                UART4_IRQHandler
                0x08000e60                TIM3_IRQHandler
                0x08000e60                RCC_IRQHandler
                0x08000e60                TIM8_BRK_TIM12_IRQHandler
                0x08000e60                Default_Handler
                0x08000e60                EXTI15_10_IRQHandler
                0x08000e60                ADC_IRQHandler
                0x08000e60                DMA1_Stream7_IRQHandler
                0x08000e60                TIM7_IRQHandler
                0x08000e60                CAN2_TX_IRQHandler
                0x08000e60                TIM5_IRQHandler
                0x08000e60                DMA2_Stream7_IRQHandler
                0x08000e60                I2C3_EV_IRQHandler
                0x08000e60                RTC_WKUP_IRQHandler
                0x08000e60                ETH_WKUP_IRQHandler
                0x08000e60                SPI2_IRQHandler
                0x08000e60                OTG_HS_EP1_IN_IRQHandler
                0x08000e60                DMA1_Stream0_IRQHandler
                0x08000e60                CAN1_TX_IRQHandler
                0x08000e60                FSMC_IRQHandler
                0x08000e60                ETH_IRQHandler
                0x08000e60                OTG_HS_EP1_OUT_IRQHandler
                0x08000e60                WWDG_IRQHandler
                0x08000e60                OTG_FS_WKUP_IRQHandler
                0x08000e60                TIM1_TRG_COM_TIM11_IRQHandler
                0x08000e60                OTG_HS_IRQHandler
                0x08000e60                EXTI1_IRQHandler
                0x08000e60                USART2_IRQHandler
                0x08000e60                I2C2_ER_IRQHandler
                0x08000e60                DMA2_Stream1_IRQHandler
                0x08000e60                CAN1_SCE_IRQHandler
                0x08000e60                FLASH_IRQHandler
                0x08000e60                DMA2_Stream4_IRQHandler
                0x08000e60                USART1_IRQHandler
                0x08000e60                OTG_FS_IRQHandler
                0x08000e60                SPI3_IRQHandler
                0x08000e60                DMA1_Stream4_IRQHandler
                0x08000e60                I2C1_ER_IRQHandler
                0x08000e60                DMA2_Stream6_IRQHandler
                0x08000e60                DMA1_Stream3_IRQHandler
 *fill*         0x08000e62        0x2 
 .text.arm_cos_f32
                0x08000e64       0x88 CMakeFiles/control.elf.dir/DSP_LIB/Source/FastMathFunctions/arm_cos_f32.c.obj
                0x08000e64                arm_cos_f32
 .text.arm_sin_f32
                0x08000eec       0xa0 CMakeFiles/control.elf.dir/DSP_LIB/Source/FastMathFunctions/arm_sin_f32.c.obj
                0x08000eec                arm_sin_f32
 .text.arm_mat_add_f32
                0x08000f8c       0x9c CMakeFiles/control.elf.dir/DSP_LIB/Source/MatrixFunctions/arm_mat_add_f32.c.obj
                0x08000f8c                arm_mat_add_f32
 .text.arm_mat_init_f32
                0x08001028        0x8 CMakeFiles/control.elf.dir/DSP_LIB/Source/MatrixFunctions/arm_mat_init_f32.c.obj
                0x08001028                arm_mat_init_f32
 .text.arm_mat_inverse_f32
                0x08001030      0x21c CMakeFiles/control.elf.dir/DSP_LIB/Source/MatrixFunctions/arm_mat_inverse_f32.c.obj
                0x08001030                arm_mat_inverse_f32
 .text.arm_mat_mult_f32
                0x0800124c      0x10c CMakeFiles/control.elf.dir/DSP_LIB/Source/MatrixFunctions/arm_mat_mult_f32.c.obj
                0x0800124c                arm_mat_mult_f32
 .text.arm_mat_sub_f32
                0x08001358       0x9c CMakeFiles/control.elf.dir/DSP_LIB/Source/MatrixFunctions/arm_mat_sub_f32.c.obj
                0x08001358                arm_mat_sub_f32
 .text.arm_mat_trans_f32
                0x080013f4       0x98 CMakeFiles/control.elf.dir/DSP_LIB/Source/MatrixFunctions/arm_mat_trans_f32.c.obj
                0x080013f4                arm_mat_trans_f32
 .text.HAL_Init
                0x0800148c       0x34 CMakeFiles/control.elf.dir/Drivers/STM32F4xx_HAL_Driver/Src/stm32f4xx_hal.c.obj
                0x0800148c                HAL_Init
 .text.HAL_IncTick
                0x080014c0       0x18 CMakeFiles/control.elf.dir/Drivers/STM32F4xx_HAL_Driver/Src/stm32f4xx_hal.c.obj
                0x080014c0                HAL_IncTick
 .text.HAL_GetTick
                0x080014d8        0xc CMakeFiles/control.elf.dir/Drivers/STM32F4xx_HAL_Driver/Src/stm32f4xx_hal.c.obj
                0x080014d8                HAL_GetTick
 .text.HAL_Delay
                0x080014e4       0x28 CMakeFiles/control.elf.dir/Drivers/STM32F4xx_HAL_Driver/Src/stm32f4xx_hal.c.obj
                0x080014e4                HAL_Delay
 .text.HAL_NVIC_SetPriorityGrouping
                0x0800150c       0x24 CMakeFiles/control.elf.dir/Drivers/STM32F4xx_HAL_Driver/Src/stm32f4xx_hal_cortex.c.obj
                0x0800150c                HAL_NVIC_SetPriorityGrouping
 .text.HAL_NVIC_SetPriority
                0x08001530       0x70 CMakeFiles/control.elf.dir/Drivers/STM32F4xx_HAL_Driver/Src/stm32f4xx_hal_cortex.c.obj
                0x08001530                HAL_NVIC_SetPriority
 .text.HAL_NVIC_EnableIRQ
                0x080015a0       0x1c CMakeFiles/control.elf.dir/Drivers/STM32F4xx_HAL_Driver/Src/stm32f4xx_hal_cortex.c.obj
                0x080015a0                HAL_NVIC_EnableIRQ
 .text.DMA_CalcBaseAndBitshift
                0x080015bc       0x44 CMakeFiles/control.elf.dir/Drivers/STM32F4xx_HAL_Driver/Src/stm32f4xx_hal_dma.c.obj
 .text.DMA_CheckFifoParam
                0x08001600       0x8e CMakeFiles/control.elf.dir/Drivers/STM32F4xx_HAL_Driver/Src/stm32f4xx_hal_dma.c.obj
 *fill*         0x0800168e        0x2 
 .text.HAL_DMA_Init
                0x08001690       0xcc CMakeFiles/control.elf.dir/Drivers/STM32F4xx_HAL_Driver/Src/stm32f4xx_hal_dma.c.obj
                0x08001690                HAL_DMA_Init
 .text.HAL_GPIO_Init
                0x0800175c      0x1e4 CMakeFiles/control.elf.dir/Drivers/STM32F4xx_HAL_Driver/Src/stm32f4xx_hal_gpio.c.obj
                0x0800175c                HAL_GPIO_Init
 .text.HAL_GPIO_WritePin
                0x08001940        0xc CMakeFiles/control.elf.dir/Drivers/STM32F4xx_HAL_Driver/Src/stm32f4xx_hal_gpio.c.obj
                0x08001940                HAL_GPIO_WritePin
 .text.HAL_GPIO_EXTI_Callback
                0x0800194c        0x2 CMakeFiles/control.elf.dir/Drivers/STM32F4xx_HAL_Driver/Src/stm32f4xx_hal_gpio.c.obj
                0x0800194c                HAL_GPIO_EXTI_Callback
 *fill*         0x0800194e        0x2 
 .text.HAL_GPIO_EXTI_IRQHandler
                0x08001950       0x1c CMakeFiles/control.elf.dir/Drivers/STM32F4xx_HAL_Driver/Src/stm32f4xx_hal_gpio.c.obj
                0x08001950                HAL_GPIO_EXTI_IRQHandler
 .text.HAL_RCC_OscConfig
                0x0800196c      0x3f8 CMakeFiles/control.elf.dir/Drivers/STM32F4xx_HAL_Driver/Src/stm32f4xx_hal_rcc.c.obj
                0x0800196c                HAL_RCC_OscConfig
 .text.HAL_RCC_GetSysClockFreq
                0x08001d64       0xa4 CMakeFiles/control.elf.dir/Drivers/STM32F4xx_HAL_Driver/Src/stm32f4xx_hal_rcc.c.obj
                0x08001d64                HAL_RCC_GetSysClockFreq
 .text.HAL_RCC_ClockConfig
                0x08001e08      0x160 CMakeFiles/control.elf.dir/Drivers/STM32F4xx_HAL_Driver/Src/stm32f4xx_hal_rcc.c.obj
                0x08001e08                HAL_RCC_ClockConfig
 .text.HAL_RCC_GetHCLKFreq
                0x08001f68        0xc CMakeFiles/control.elf.dir/Drivers/STM32F4xx_HAL_Driver/Src/stm32f4xx_hal_rcc.c.obj
                0x08001f68                HAL_RCC_GetHCLKFreq
 .text.HAL_RCC_GetPCLK1Freq
                0x08001f74       0x20 CMakeFiles/control.elf.dir/Drivers/STM32F4xx_HAL_Driver/Src/stm32f4xx_hal_rcc.c.obj
                0x08001f74                HAL_RCC_GetPCLK1Freq
 .text.HAL_RCC_GetClockConfig
                0x08001f94       0x3c CMakeFiles/control.elf.dir/Drivers/STM32F4xx_HAL_Driver/Src/stm32f4xx_hal_rcc.c.obj
                0x08001f94                HAL_RCC_GetClockConfig
 .text.SPI_WaitFlagStateUntilTimeout
                0x08001fd0       0xd4 CMakeFiles/control.elf.dir/Drivers/STM32F4xx_HAL_Driver/Src/stm32f4xx_hal_spi.c.obj
 .text.SPI_EndRxTxTransaction
                0x080020a4       0x68 CMakeFiles/control.elf.dir/Drivers/STM32F4xx_HAL_Driver/Src/stm32f4xx_hal_spi.c.obj
 .text.HAL_SPI_Init
                0x0800210c       0xbe CMakeFiles/control.elf.dir/Drivers/STM32F4xx_HAL_Driver/Src/stm32f4xx_hal_spi.c.obj
                0x0800210c                HAL_SPI_Init
 .text.HAL_SPI_TransmitReceive
                0x080021ca      0x238 CMakeFiles/control.elf.dir/Drivers/STM32F4xx_HAL_Driver/Src/stm32f4xx_hal_spi.c.obj
                0x080021ca                HAL_SPI_TransmitReceive
 *fill*         0x08002402        0x2 
 .text.TIM_OC1_SetConfig
                0x08002404       0x68 CMakeFiles/control.elf.dir/Drivers/STM32F4xx_HAL_Driver/Src/stm32f4xx_hal_tim.c.obj
 .text.TIM_OC3_SetConfig
                0x0800246c       0x70 CMakeFiles/control.elf.dir/Drivers/STM32F4xx_HAL_Driver/Src/stm32f4xx_hal_tim.c.obj
 .text.TIM_OC4_SetConfig
                0x080024dc       0x50 CMakeFiles/control.elf.dir/Drivers/STM32F4xx_HAL_Driver/Src/stm32f4xx_hal_tim.c.obj
 .text.HAL_TIM_Base_Start_IT
                0x0800252c       0x88 CMakeFiles/control.elf.dir/Drivers/STM32F4xx_HAL_Driver/Src/stm32f4xx_hal_tim.c.obj
                0x0800252c                HAL_TIM_Base_Start_IT
 .text.HAL_TIM_PWM_MspInit
                0x080025b4        0x2 CMakeFiles/control.elf.dir/Drivers/STM32F4xx_HAL_Driver/Src/stm32f4xx_hal_tim.c.obj
                0x080025b4                HAL_TIM_PWM_MspInit
 .text.HAL_TIM_OC_DelayElapsedCallback
                0x080025b6        0x2 CMakeFiles/control.elf.dir/Drivers/STM32F4xx_HAL_Driver/Src/stm32f4xx_hal_tim.c.obj
                0x080025b6                HAL_TIM_OC_DelayElapsedCallback
 .text.HAL_TIM_IC_CaptureCallback
                0x080025b8        0x2 CMakeFiles/control.elf.dir/Drivers/STM32F4xx_HAL_Driver/Src/stm32f4xx_hal_tim.c.obj
                0x080025b8                HAL_TIM_IC_CaptureCallback
 .text.HAL_TIM_PWM_PulseFinishedCallback
                0x080025ba        0x2 CMakeFiles/control.elf.dir/Drivers/STM32F4xx_HAL_Driver/Src/stm32f4xx_hal_tim.c.obj
                0x080025ba                HAL_TIM_PWM_PulseFinishedCallback
 .text.HAL_TIM_TriggerCallback
                0x080025bc        0x2 CMakeFiles/control.elf.dir/Drivers/STM32F4xx_HAL_Driver/Src/stm32f4xx_hal_tim.c.obj
                0x080025bc                HAL_TIM_TriggerCallback
 .text.HAL_TIM_IRQHandler
                0x080025be      0x17a CMakeFiles/control.elf.dir/Drivers/STM32F4xx_HAL_Driver/Src/stm32f4xx_hal_tim.c.obj
                0x080025be                HAL_TIM_IRQHandler
 .text.TIM_Base_SetConfig
                0x08002738       0xc8 CMakeFiles/control.elf.dir/Drivers/STM32F4xx_HAL_Driver/Src/stm32f4xx_hal_tim.c.obj
                0x08002738                TIM_Base_SetConfig
 .text.HAL_TIM_Base_Init
                0x08002800       0x58 CMakeFiles/control.elf.dir/Drivers/STM32F4xx_HAL_Driver/Src/stm32f4xx_hal_tim.c.obj
                0x08002800                HAL_TIM_Base_Init
 .text.HAL_TIM_PWM_Init
                0x08002858       0x58 CMakeFiles/control.elf.dir/Drivers/STM32F4xx_HAL_Driver/Src/stm32f4xx_hal_tim.c.obj
                0x08002858                HAL_TIM_PWM_Init
 .text.TIM_OC2_SetConfig
                0x080028b0       0x70 CMakeFiles/control.elf.dir/Drivers/STM32F4xx_HAL_Driver/Src/stm32f4xx_hal_tim.c.obj
                0x080028b0                TIM_OC2_SetConfig
 .text.HAL_TIM_PWM_ConfigChannel
                0x08002920       0xdc CMakeFiles/control.elf.dir/Drivers/STM32F4xx_HAL_Driver/Src/stm32f4xx_hal_tim.c.obj
                0x08002920                HAL_TIM_PWM_ConfigChannel
 .text.TIM_CCxChannelCmd
                0x080029fc       0x1e CMakeFiles/control.elf.dir/Drivers/STM32F4xx_HAL_Driver/Src/stm32f4xx_hal_tim.c.obj
                0x080029fc                TIM_CCxChannelCmd
 *fill*         0x08002a1a        0x2 
 .text.HAL_TIM_PWM_Start
                0x08002a1c      0x104 CMakeFiles/control.elf.dir/Drivers/STM32F4xx_HAL_Driver/Src/stm32f4xx_hal_tim.c.obj
                0x08002a1c                HAL_TIM_PWM_Start
 .text.HAL_TIMEx_CommutCallback
                0x08002b20        0x2 CMakeFiles/control.elf.dir/Drivers/STM32F4xx_HAL_Driver/Src/stm32f4xx_hal_tim_ex.c.obj
                0x08002b20                HAL_TIMEx_CommutCallback
 .text.HAL_TIMEx_BreakCallback
                0x08002b22        0x2 CMakeFiles/control.elf.dir/Drivers/STM32F4xx_HAL_Driver/Src/stm32f4xx_hal_tim_ex.c.obj
                0x08002b22                HAL_TIMEx_BreakCallback
 .text.SysTick_Handler
                0x08002b24       0x18 CMakeFiles/control.elf.dir/Middlewares/Third_Party/FreeRTOS/Source/CMSIS_RTOS_V2/cmsis_os2.c.obj
                0x08002b24                SysTick_Handler
 .text.osKernelInitialize
                0x08002b3c       0x24 CMakeFiles/control.elf.dir/Middlewares/Third_Party/FreeRTOS/Source/CMSIS_RTOS_V2/cmsis_os2.c.obj
                0x08002b3c                osKernelInitialize
 .text.osKernelStart
                0x08002b60       0x38 CMakeFiles/control.elf.dir/Middlewares/Third_Party/FreeRTOS/Source/CMSIS_RTOS_V2/cmsis_os2.c.obj
                0x08002b60                osKernelStart
 .text.osThreadNew
                0x08002b98       0xbe CMakeFiles/control.elf.dir/Middlewares/Third_Party/FreeRTOS/Source/CMSIS_RTOS_V2/cmsis_os2.c.obj
                0x08002b98                osThreadNew
 .text.osDelay  0x08002c56       0x1c CMakeFiles/control.elf.dir/Middlewares/Third_Party/FreeRTOS/Source/CMSIS_RTOS_V2/cmsis_os2.c.obj
                0x08002c56                osDelay
 *fill*         0x08002c72        0x2 
 .text.vApplicationGetIdleTaskMemory
                0x08002c74       0x18 CMakeFiles/control.elf.dir/Middlewares/Third_Party/FreeRTOS/Source/CMSIS_RTOS_V2/cmsis_os2.c.obj
                0x08002c74                vApplicationGetIdleTaskMemory
 .text.vApplicationGetTimerTaskMemory
                0x08002c8c       0x18 CMakeFiles/control.elf.dir/Middlewares/Third_Party/FreeRTOS/Source/CMSIS_RTOS_V2/cmsis_os2.c.obj
                0x08002c8c                vApplicationGetTimerTaskMemory
 .text.vListInitialise
                0x08002ca4       0x16 CMakeFiles/control.elf.dir/Middlewares/Third_Party/FreeRTOS/Source/list.c.obj
                0x08002ca4                vListInitialise
 .text.vListInitialiseItem
                0x08002cba        0x6 CMakeFiles/control.elf.dir/Middlewares/Third_Party/FreeRTOS/Source/list.c.obj
                0x08002cba                vListInitialiseItem
 .text.vListInsertEnd
                0x08002cc0       0x16 CMakeFiles/control.elf.dir/Middlewares/Third_Party/FreeRTOS/Source/list.c.obj
                0x08002cc0                vListInsertEnd
 .text.vListInsert
                0x08002cd6       0x32 CMakeFiles/control.elf.dir/Middlewares/Third_Party/FreeRTOS/Source/list.c.obj
                0x08002cd6                vListInsert
 .text.uxListRemove
                0x08002d08       0x26 CMakeFiles/control.elf.dir/Middlewares/Third_Party/FreeRTOS/Source/list.c.obj
                0x08002d08                uxListRemove
 *fill*         0x08002d2e        0x2 
 .text.prvTaskExitError
                0x08002d30       0x40 CMakeFiles/control.elf.dir/Middlewares/Third_Party/FreeRTOS/Source/portable/GCC/ARM_CM4F/port.c.obj
 .text.prvPortStartFirstTask
                0x08002d70       0x28 CMakeFiles/control.elf.dir/Middlewares/Third_Party/FreeRTOS/Source/portable/GCC/ARM_CM4F/port.c.obj
 .text.vPortEnableVFP
                0x08002d98       0x14 CMakeFiles/control.elf.dir/Middlewares/Third_Party/FreeRTOS/Source/portable/GCC/ARM_CM4F/port.c.obj
 .text.pxPortInitialiseStack
                0x08002dac       0x2c CMakeFiles/control.elf.dir/Middlewares/Third_Party/FreeRTOS/Source/portable/GCC/ARM_CM4F/port.c.obj
                0x08002dac                pxPortInitialiseStack
 *fill*         0x08002dd8        0x8 
 .text.SVC_Handler
                0x08002de0       0x24 CMakeFiles/control.elf.dir/Middlewares/Third_Party/FreeRTOS/Source/portable/GCC/ARM_CM4F/port.c.obj
                0x08002de0                SVC_Handler
 .text.vPortEnterCritical
                0x08002e04       0x44 CMakeFiles/control.elf.dir/Middlewares/Third_Party/FreeRTOS/Source/portable/GCC/ARM_CM4F/port.c.obj
                0x08002e04                vPortEnterCritical
 .text.vPortExitCritical
                0x08002e48       0x2c CMakeFiles/control.elf.dir/Middlewares/Third_Party/FreeRTOS/Source/portable/GCC/ARM_CM4F/port.c.obj
                0x08002e48                vPortExitCritical
 *fill*         0x08002e74        0xc 
 .text.PendSV_Handler
                0x08002e80       0x64 CMakeFiles/control.elf.dir/Middlewares/Third_Party/FreeRTOS/Source/portable/GCC/ARM_CM4F/port.c.obj
                0x08002e80                PendSV_Handler
 .text.xPortSysTickHandler
                0x08002ee4       0x2c CMakeFiles/control.elf.dir/Middlewares/Third_Party/FreeRTOS/Source/portable/GCC/ARM_CM4F/port.c.obj
                0x08002ee4                xPortSysTickHandler
 .text.vPortSetupTimerInterrupt
                0x08002f10       0x28 CMakeFiles/control.elf.dir/Middlewares/Third_Party/FreeRTOS/Source/portable/GCC/ARM_CM4F/port.c.obj
                0x08002f10                vPortSetupTimerInterrupt
 .text.xPortStartScheduler
                0x08002f38      0x118 CMakeFiles/control.elf.dir/Middlewares/Third_Party/FreeRTOS/Source/portable/GCC/ARM_CM4F/port.c.obj
                0x08002f38                xPortStartScheduler
 .text.vPortValidateInterruptPriority
                0x08003050       0x5c CMakeFiles/control.elf.dir/Middlewares/Third_Party/FreeRTOS/Source/portable/GCC/ARM_CM4F/port.c.obj
                0x08003050                vPortValidateInterruptPriority
 .text.prvHeapInit
                0x080030ac       0x64 CMakeFiles/control.elf.dir/Middlewares/Third_Party/FreeRTOS/Source/portable/MemMang/heap_4.c.obj
 .text.prvInsertBlockIntoFreeList
                0x08003110       0x64 CMakeFiles/control.elf.dir/Middlewares/Third_Party/FreeRTOS/Source/portable/MemMang/heap_4.c.obj
 .text.pvPortMalloc
                0x08003174       0xfc CMakeFiles/control.elf.dir/Middlewares/Third_Party/FreeRTOS/Source/portable/MemMang/heap_4.c.obj
                0x08003174                pvPortMalloc
 .text.vPortFree
                0x08003270       0x7c CMakeFiles/control.elf.dir/Middlewares/Third_Party/FreeRTOS/Source/portable/MemMang/heap_4.c.obj
                0x08003270                vPortFree
 .text.prvIsQueueFull
                0x080032ec       0x1e CMakeFiles/control.elf.dir/Middlewares/Third_Party/FreeRTOS/Source/queue.c.obj
 .text.prvIsQueueEmpty
                0x0800330a       0x1a CMakeFiles/control.elf.dir/Middlewares/Third_Party/FreeRTOS/Source/queue.c.obj
 .text.prvCopyDataToQueue
                0x08003324       0x76 CMakeFiles/control.elf.dir/Middlewares/Third_Party/FreeRTOS/Source/queue.c.obj
 .text.prvCopyDataFromQueue
                0x0800339a       0x24 CMakeFiles/control.elf.dir/Middlewares/Third_Party/FreeRTOS/Source/queue.c.obj
 .text.prvUnlockQueue
                0x080033be       0x6e CMakeFiles/control.elf.dir/Middlewares/Third_Party/FreeRTOS/Source/queue.c.obj
 .text.xQueueGenericReset
                0x0800342c       0x84 CMakeFiles/control.elf.dir/Middlewares/Third_Party/FreeRTOS/Source/queue.c.obj
                0x0800342c                xQueueGenericReset
 .text.prvInitialiseNewQueue
                0x080034b0       0x22 CMakeFiles/control.elf.dir/Middlewares/Third_Party/FreeRTOS/Source/queue.c.obj
 .text.xQueueGenericCreateStatic
                0x080034d2       0x94 CMakeFiles/control.elf.dir/Middlewares/Third_Party/FreeRTOS/Source/queue.c.obj
                0x080034d2                xQueueGenericCreateStatic
 .text.xQueueGenericSend
                0x08003566      0x188 CMakeFiles/control.elf.dir/Middlewares/Third_Party/FreeRTOS/Source/queue.c.obj
                0x08003566                xQueueGenericSend
 .text.xQueueGenericSendFromISR
                0x080036ee       0xce CMakeFiles/control.elf.dir/Middlewares/Third_Party/FreeRTOS/Source/queue.c.obj
                0x080036ee                xQueueGenericSendFromISR
 .text.xQueueReceive
                0x080037bc      0x15e CMakeFiles/control.elf.dir/Middlewares/Third_Party/FreeRTOS/Source/queue.c.obj
                0x080037bc                xQueueReceive
 *fill*         0x0800391a        0x2 
 .text.vQueueAddToRegistry
                0x0800391c       0x28 CMakeFiles/control.elf.dir/Middlewares/Third_Party/FreeRTOS/Source/queue.c.obj
                0x0800391c                vQueueAddToRegistry
 .text.vQueueWaitForMessageRestricted
                0x08003944       0x52 CMakeFiles/control.elf.dir/Middlewares/Third_Party/FreeRTOS/Source/queue.c.obj
                0x08003944                vQueueWaitForMessageRestricted
 *fill*         0x08003996        0x2 
 .text.prvResetNextTaskUnblockTime
                0x08003998       0x2c CMakeFiles/control.elf.dir/Middlewares/Third_Party/FreeRTOS/Source/tasks.c.obj
 .text.prvInitialiseNewTask
                0x080039c4      0x106 CMakeFiles/control.elf.dir/Middlewares/Third_Party/FreeRTOS/Source/tasks.c.obj
 *fill*         0x08003aca        0x2 
 .text.prvInitialiseTaskLists
                0x08003acc       0x68 CMakeFiles/control.elf.dir/Middlewares/Third_Party/FreeRTOS/Source/tasks.c.obj
 .text.prvAddNewTaskToReadyList
                0x08003b34       0xac CMakeFiles/control.elf.dir/Middlewares/Third_Party/FreeRTOS/Source/tasks.c.obj
 .text.prvDeleteTCB
                0x08003be0       0x40 CMakeFiles/control.elf.dir/Middlewares/Third_Party/FreeRTOS/Source/tasks.c.obj
 .text.prvCheckTasksWaitingTermination
                0x08003c20       0x4c CMakeFiles/control.elf.dir/Middlewares/Third_Party/FreeRTOS/Source/tasks.c.obj
 .text.prvIdleTask
                0x08003c6c       0x28 CMakeFiles/control.elf.dir/Middlewares/Third_Party/FreeRTOS/Source/tasks.c.obj
 .text.prvAddCurrentTaskToDelayedList
                0x08003c94       0x7c CMakeFiles/control.elf.dir/Middlewares/Third_Party/FreeRTOS/Source/tasks.c.obj
 .text.xTaskCreateStatic
                0x08003d10       0x7a CMakeFiles/control.elf.dir/Middlewares/Third_Party/FreeRTOS/Source/tasks.c.obj
                0x08003d10                xTaskCreateStatic
 .text.xTaskCreate
                0x08003d8a       0x6a CMakeFiles/control.elf.dir/Middlewares/Third_Party/FreeRTOS/Source/tasks.c.obj
                0x08003d8a                xTaskCreate
 .text.vTaskStartScheduler
                0x08003df4       0xac CMakeFiles/control.elf.dir/Middlewares/Third_Party/FreeRTOS/Source/tasks.c.obj
                0x08003df4                vTaskStartScheduler
 .text.vTaskSuspendAll
                0x08003ea0       0x10 CMakeFiles/control.elf.dir/Middlewares/Third_Party/FreeRTOS/Source/tasks.c.obj
                0x08003ea0                vTaskSuspendAll
 .text.xTaskGetTickCount
                0x08003eb0        0xc CMakeFiles/control.elf.dir/Middlewares/Third_Party/FreeRTOS/Source/tasks.c.obj
                0x08003eb0                xTaskGetTickCount
 .text.xTaskIncrementTick
                0x08003ebc      0x118 CMakeFiles/control.elf.dir/Middlewares/Third_Party/FreeRTOS/Source/tasks.c.obj
                0x08003ebc                xTaskIncrementTick
 .text.xTaskResumeAll
                0x08003fd4       0xf8 CMakeFiles/control.elf.dir/Middlewares/Third_Party/FreeRTOS/Source/tasks.c.obj
                0x08003fd4                xTaskResumeAll
 .text.vTaskDelay
                0x080040cc       0x4c CMakeFiles/control.elf.dir/Middlewares/Third_Party/FreeRTOS/Source/tasks.c.obj
                0x080040cc                vTaskDelay
 .text.vTaskSwitchContext
                0x08004118       0xa0 CMakeFiles/control.elf.dir/Middlewares/Third_Party/FreeRTOS/Source/tasks.c.obj
                0x08004118                vTaskSwitchContext
 .text.vTaskPlaceOnEventList
                0x080041b8       0x30 CMakeFiles/control.elf.dir/Middlewares/Third_Party/FreeRTOS/Source/tasks.c.obj
                0x080041b8                vTaskPlaceOnEventList
 .text.vTaskPlaceOnEventListRestricted
                0x080041e8       0x38 CMakeFiles/control.elf.dir/Middlewares/Third_Party/FreeRTOS/Source/tasks.c.obj
                0x080041e8                vTaskPlaceOnEventListRestricted
 .text.xTaskRemoveFromEventList
                0x08004220       0x8c CMakeFiles/control.elf.dir/Middlewares/Third_Party/FreeRTOS/Source/tasks.c.obj
                0x08004220                xTaskRemoveFromEventList
 .text.vTaskInternalSetTimeOutState
                0x080042ac       0x18 CMakeFiles/control.elf.dir/Middlewares/Third_Party/FreeRTOS/Source/tasks.c.obj
                0x080042ac                vTaskInternalSetTimeOutState
 .text.xTaskCheckForTimeOut
                0x080042c4       0x84 CMakeFiles/control.elf.dir/Middlewares/Third_Party/FreeRTOS/Source/tasks.c.obj
                0x080042c4                xTaskCheckForTimeOut
 .text.vTaskMissedYield
                0x08004348        0xc CMakeFiles/control.elf.dir/Middlewares/Third_Party/FreeRTOS/Source/tasks.c.obj
                0x08004348                vTaskMissedYield
 .text.xTaskGetSchedulerState
                0x08004354       0x20 CMakeFiles/control.elf.dir/Middlewares/Third_Party/FreeRTOS/Source/tasks.c.obj
                0x08004354                xTaskGetSchedulerState
 .text.xTaskPriorityDisinherit
                0x08004374       0x90 CMakeFiles/control.elf.dir/Middlewares/Third_Party/FreeRTOS/Source/tasks.c.obj
                0x08004374                xTaskPriorityDisinherit
 .text.prvGetNextExpireTime
                0x08004404       0x20 CMakeFiles/control.elf.dir/Middlewares/Third_Party/FreeRTOS/Source/timers.c.obj
 .text.prvInsertTimerInActiveList
                0x08004424       0x48 CMakeFiles/control.elf.dir/Middlewares/Third_Party/FreeRTOS/Source/timers.c.obj
 .text.prvCheckForValidListAndQueue
                0x0800446c       0x70 CMakeFiles/control.elf.dir/Middlewares/Third_Party/FreeRTOS/Source/timers.c.obj
 .text.xTimerCreateTimerTask
                0x080044dc       0x64 CMakeFiles/control.elf.dir/Middlewares/Third_Party/FreeRTOS/Source/timers.c.obj
                0x080044dc                xTimerCreateTimerTask
 .text.xTimerGenericCommand
                0x08004540       0x6c CMakeFiles/control.elf.dir/Middlewares/Third_Party/FreeRTOS/Source/timers.c.obj
                0x08004540                xTimerGenericCommand
 .text.prvSwitchTimerLists
                0x080045ac       0x7c CMakeFiles/control.elf.dir/Middlewares/Third_Party/FreeRTOS/Source/timers.c.obj
 .text.prvSampleTimeNow
                0x08004628       0x2c CMakeFiles/control.elf.dir/Middlewares/Third_Party/FreeRTOS/Source/timers.c.obj
 .text.prvProcessExpiredTimer
                0x08004654       0x6c CMakeFiles/control.elf.dir/Middlewares/Third_Party/FreeRTOS/Source/timers.c.obj
 .text.prvProcessTimerOrBlockTask
                0x080046c0       0x74 CMakeFiles/control.elf.dir/Middlewares/Third_Party/FreeRTOS/Source/timers.c.obj
 .text.prvProcessReceivedCommands
                0x08004734      0x10c CMakeFiles/control.elf.dir/Middlewares/Third_Party/FreeRTOS/Source/timers.c.obj
 .text.prvTimerTask
                0x08004840       0x16 CMakeFiles/control.elf.dir/Middlewares/Third_Party/FreeRTOS/Source/timers.c.obj
 *fill*         0x08004856        0x2 
 .text.BMI088_ACCEL_NS_L
                0x08004858       0x14 CMakeFiles/control.elf.dir/applications/BMI088Middleware.c.obj
                0x08004858                BMI088_ACCEL_NS_L
 .text.BMI088_ACCEL_NS_H
                0x0800486c       0x14 CMakeFiles/control.elf.dir/applications/BMI088Middleware.c.obj
                0x0800486c                BMI088_ACCEL_NS_H
 .text.BMI088_GYRO_NS_L
                0x08004880       0x14 CMakeFiles/control.elf.dir/applications/BMI088Middleware.c.obj
                0x08004880                BMI088_GYRO_NS_L
 .text.BMI088_GYRO_NS_H
                0x08004894       0x14 CMakeFiles/control.elf.dir/applications/BMI088Middleware.c.obj
                0x08004894                BMI088_GYRO_NS_H
 .text.BMI088_read_write_byte
                0x080048a8       0x30 CMakeFiles/control.elf.dir/applications/BMI088Middleware.c.obj
                0x080048a8                BMI088_read_write_byte
 .text.BMI088_read_muli_reg
                0x080048d8       0x24 CMakeFiles/control.elf.dir/applications/BMI088driver.c.obj
 .text.BMI088_write_single_reg
                0x080048fc       0x10 CMakeFiles/control.elf.dir/applications/BMI088driver.c.obj
 .text.BMI088_read_single_reg
                0x0800490c       0x16 CMakeFiles/control.elf.dir/applications/BMI088driver.c.obj
 *fill*         0x08004922        0x2 
 .text.Calibrate_MPU_Offset
                0x08004924      0x498 CMakeFiles/control.elf.dir/applications/BMI088driver.c.obj
 .text.bmi088_accel_init
                0x08004dbc      0x144 CMakeFiles/control.elf.dir/applications/BMI088driver.c.obj
                0x08004dbc                bmi088_accel_init
 .text.bmi088_gyro_init
                0x08004f00      0x118 CMakeFiles/control.elf.dir/applications/BMI088driver.c.obj
                0x08004f00                bmi088_gyro_init
 .text.BMI088_init
                0x08005018       0x6c CMakeFiles/control.elf.dir/applications/BMI088driver.c.obj
                0x08005018                BMI088_init
 .text.BMI088_Read
                0x08005084      0x1f0 CMakeFiles/control.elf.dir/applications/BMI088driver.c.obj
                0x08005084                BMI088_Read
 .text.invSqrt  0x08005274       0x30 CMakeFiles/control.elf.dir/applications/QuaternionEKF.c.obj
 .text.IMU_QuaternionEKF_F_Linearization_P_Fading
                0x080052a4      0x1a0 CMakeFiles/control.elf.dir/applications/QuaternionEKF.c.obj
 .text.IMU_QuaternionEKF_Observe
                0x08005444       0x38 CMakeFiles/control.elf.dir/applications/QuaternionEKF.c.obj
 .text.IMU_QuaternionEKF_xhatUpdate
                0x0800547c      0x43c CMakeFiles/control.elf.dir/applications/QuaternionEKF.c.obj
 .text.IMU_QuaternionEKF_SetH
                0x080058b8       0xe4 CMakeFiles/control.elf.dir/applications/QuaternionEKF.c.obj
 .text.IMU_QuaternionEKF_Init
                0x0800599c       0xe0 CMakeFiles/control.elf.dir/applications/QuaternionEKF.c.obj
                0x0800599c                IMU_QuaternionEKF_Init
 .text.IMU_QuaternionEKF_Update
                0x08005a7c      0x488 CMakeFiles/control.elf.dir/applications/QuaternionEKF.c.obj
                0x08005a7c                IMU_QuaternionEKF_Update
 .text.TIM_Set_PWM
                0x08005f04       0x32 CMakeFiles/control.elf.dir/applications/bsp_PWM.c.obj
                0x08005f04                TIM_Set_PWM
 *fill*         0x08005f36        0x2 
 .text.DWT_CNT_Update
                0x08005f38       0x30 CMakeFiles/control.elf.dir/applications/bsp_dwt.c.obj
 .text.DWT_Init
                0x08005f68       0x68 CMakeFiles/control.elf.dir/applications/bsp_dwt.c.obj
                0x08005f68                DWT_Init
 .text.DWT_GetDeltaT
                0x08005fd0       0x48 CMakeFiles/control.elf.dir/applications/bsp_dwt.c.obj
                0x08005fd0                DWT_GetDeltaT
 .text.DWT_SysTimeUpdate
                0x08006018       0xcc CMakeFiles/control.elf.dir/applications/bsp_dwt.c.obj
                0x08006018                DWT_SysTimeUpdate
 .text.DWT_GetTimeline_s
                0x080060e4       0x4c CMakeFiles/control.elf.dir/applications/bsp_dwt.c.obj
                0x080060e4                DWT_GetTimeline_s
 .text.DWT_Delay
                0x08006130       0x34 CMakeFiles/control.elf.dir/applications/bsp_dwt.c.obj
                0x08006130                DWT_Delay
 .text.f_Trapezoid_Intergral
                0x08006164       0x62 CMakeFiles/control.elf.dir/applications/controller.c.obj
 .text.f_Changing_Integration_Rate
                0x080061c6       0x66 CMakeFiles/control.elf.dir/applications/controller.c.obj
 .text.f_Integral_Limit
                0x0800622c       0x94 CMakeFiles/control.elf.dir/applications/controller.c.obj
 .text.f_Derivative_Filter
                0x080062c0       0x2e CMakeFiles/control.elf.dir/applications/controller.c.obj
 .text.f_Output_Filter
                0x080062ee       0x2e CMakeFiles/control.elf.dir/applications/controller.c.obj
 .text.f_Output_Limit
                0x0800631c       0x2e CMakeFiles/control.elf.dir/applications/controller.c.obj
 .text.f_Proportion_Limit
                0x0800634a       0x2e CMakeFiles/control.elf.dir/applications/controller.c.obj
 .text.f_PID_ErrorHandle
                0x08006378       0x98 CMakeFiles/control.elf.dir/applications/controller.c.obj
 .text.f_Derivative_On_Measurement
                0x08006410       0xb6 CMakeFiles/control.elf.dir/applications/controller.c.obj
 .text.PID_Init
                0x080064c6       0x58 CMakeFiles/control.elf.dir/applications/controller.c.obj
                0x080064c6                PID_Init
 .text.PID_Calculate
                0x0800651e      0x20c CMakeFiles/control.elf.dir/applications/controller.c.obj
                0x0800651e                PID_Calculate
 *fill*         0x0800672a        0x2 
 .text.IMU_Param_Correction
                0x0800672c      0x2c8 CMakeFiles/control.elf.dir/applications/ins_task.c.obj
 .text.INS_Init
                0x080069f4       0xb4 CMakeFiles/control.elf.dir/applications/ins_task.c.obj
                0x080069f4                INS_Init
 .text.BodyFrameToEarthFrame
                0x08006aa8      0x126 CMakeFiles/control.elf.dir/applications/ins_task.c.obj
                0x08006aa8                BodyFrameToEarthFrame
 .text.EarthFrameToBodyFrame
                0x08006bce      0x126 CMakeFiles/control.elf.dir/applications/ins_task.c.obj
                0x08006bce                EarthFrameToBodyFrame
 .text.IMU_Temperature_Ctrl
                0x08006cf4       0x60 CMakeFiles/control.elf.dir/applications/ins_task.c.obj
                0x08006cf4                IMU_Temperature_Ctrl
 .text.INS_Task
                0x08006d54      0x1c8 CMakeFiles/control.elf.dir/applications/ins_task.c.obj
                0x08006d54                INS_Task
 .text.H_K_R_Adjustment
                0x08006f1c      0x118 CMakeFiles/control.elf.dir/applications/kalman_filter.c.obj
 .text.Kalman_Filter_Init
                0x08007034      0x42c CMakeFiles/control.elf.dir/applications/kalman_filter.c.obj
                0x08007034                Kalman_Filter_Init
 .text.Kalman_Filter_Measure
                0x08007460       0x4c CMakeFiles/control.elf.dir/applications/kalman_filter.c.obj
                0x08007460                Kalman_Filter_Measure
 .text.Kalman_Filter_xhatMinusUpdate
                0x080074ac       0x76 CMakeFiles/control.elf.dir/applications/kalman_filter.c.obj
                0x080074ac                Kalman_Filter_xhatMinusUpdate
 .text.Kalman_Filter_PminusUpdate
                0x08007522       0x68 CMakeFiles/control.elf.dir/applications/kalman_filter.c.obj
                0x08007522                Kalman_Filter_PminusUpdate
 .text.Kalman_Filter_SetK
                0x0800758a       0xcc CMakeFiles/control.elf.dir/applications/kalman_filter.c.obj
                0x0800758a                Kalman_Filter_SetK
 .text.Kalman_Filter_xhatUpdate
                0x08007656       0x82 CMakeFiles/control.elf.dir/applications/kalman_filter.c.obj
                0x08007656                Kalman_Filter_xhatUpdate
 .text.Kalman_Filter_P_Update
                0x080076d8       0x64 CMakeFiles/control.elf.dir/applications/kalman_filter.c.obj
                0x080076d8                Kalman_Filter_P_Update
 .text.Kalman_Filter_Update
                0x0800773c       0xf8 CMakeFiles/control.elf.dir/applications/kalman_filter.c.obj
                0x0800773c                Kalman_Filter_Update
 .text.float_constrain
                0x08007834       0x20 CMakeFiles/control.elf.dir/applications/user_lib.c.obj
                0x08007834                float_constrain
 .text.float_rounding
                0x08007854       0x40 CMakeFiles/control.elf.dir/applications/user_lib.c.obj
                0x08007854                float_rounding
 .text.OLS_Init
                0x08007894       0x42 CMakeFiles/control.elf.dir/applications/user_lib.c.obj
                0x08007894                OLS_Init
 *fill*         0x080078d6        0x2 
 .text.OLS_Derivative
                0x080078d8      0x180 CMakeFiles/control.elf.dir/applications/user_lib.c.obj
                0x080078d8                OLS_Derivative
 .text.StartINSTask
                0x08007a58       0x12 CMakeFiles/control.elf.dir/controller/INS.c.obj
                0x08007a58                StartINSTask
 *fill*         0x08007a6a        0x2 
 .text.red_led_task
                0x08007a6c       0x30 CMakeFiles/control.elf.dir/controller/led.c.obj
                0x08007a6c                red_led_task
 .text.green_led_task
                0x08007a9c       0x34 CMakeFiles/control.elf.dir/controller/led.c.obj
                0x08007a9c                green_led_task
 .text.__errno  0x08007ad0        0xc c:/progra~2/gnuarm~1/102021~1.10/bin/../lib/gcc/arm-none-eabi/10.3.1/../../../../arm-none-eabi/lib/thumb/v7e-m+fp/hard\libg.a(lib_a-errno.o)
                0x08007ad0                __errno
 .text.__libc_init_array
                0x08007adc       0x48 c:/progra~2/gnuarm~1/102021~1.10/bin/../lib/gcc/arm-none-eabi/10.3.1/../../../../arm-none-eabi/lib/thumb/v7e-m+fp/hard\libg.a(lib_a-init.o)
                0x08007adc                __libc_init_array
 .text.malloc   0x08007b24       0x10 c:/progra~2/gnuarm~1/102021~1.10/bin/../lib/gcc/arm-none-eabi/10.3.1/../../../../arm-none-eabi/lib/thumb/v7e-m+fp/hard\libg.a(lib_a-malloc.o)
                0x08007b24                malloc
 .text._malloc_r
                0x08007b34      0x560 c:/progra~2/gnuarm~1/102021~1.10/bin/../lib/gcc/arm-none-eabi/10.3.1/../../../../arm-none-eabi/lib/thumb/v7e-m+fp/hard\libg.a(lib_a-mallocr.o)
                0x08007b34                _malloc_r
 .text.memset   0x08008094       0xa4 c:/progra~2/gnuarm~1/102021~1.10/bin/../lib/gcc/arm-none-eabi/10.3.1/../../../../arm-none-eabi/lib/thumb/v7e-m+fp/hard\libg.a(lib_a-memset.o)
                0x08008094                memset
 .text.__malloc_lock
                0x08008138        0xc c:/progra~2/gnuarm~1/102021~1.10/bin/../lib/gcc/arm-none-eabi/10.3.1/../../../../arm-none-eabi/lib/thumb/v7e-m+fp/hard\libg.a(lib_a-mlock.o)
                0x08008138                __malloc_lock
 .text.__malloc_unlock
                0x08008144        0xc c:/progra~2/gnuarm~1/102021~1.10/bin/../lib/gcc/arm-none-eabi/10.3.1/../../../../arm-none-eabi/lib/thumb/v7e-m+fp/hard\libg.a(lib_a-mlock.o)
                0x08008144                __malloc_unlock
 .text.cleanup_glue
                0x08008150       0x48 c:/progra~2/gnuarm~1/102021~1.10/bin/../lib/gcc/arm-none-eabi/10.3.1/../../../../arm-none-eabi/lib/thumb/v7e-m+fp/hard\libg.a(lib_a-reent.o)
                0x08008150                cleanup_glue
 .text._reclaim_reent
                0x08008198       0x90 c:/progra~2/gnuarm~1/102021~1.10/bin/../lib/gcc/arm-none-eabi/10.3.1/../../../../arm-none-eabi/lib/thumb/v7e-m+fp/hard\libg.a(lib_a-reent.o)
                0x08008198                _reclaim_reent
 .text._sbrk_r  0x08008228       0x24 c:/progra~2/gnuarm~1/102021~1.10/bin/../lib/gcc/arm-none-eabi/10.3.1/../../../../arm-none-eabi/lib/thumb/v7e-m+fp/hard\libg.a(lib_a-sbrkr.o)
                0x08008228                _sbrk_r
 .text.startup.register_fini
                0x0800824c       0x14 c:/progra~2/gnuarm~1/102021~1.10/bin/../lib/gcc/arm-none-eabi/10.3.1/../../../../arm-none-eabi/lib/thumb/v7e-m+fp/hard\libg.a(lib_a-__call_atexit.o)
 .text.atexit   0x08008260        0xc c:/progra~2/gnuarm~1/102021~1.10/bin/../lib/gcc/arm-none-eabi/10.3.1/../../../../arm-none-eabi/lib/thumb/v7e-m+fp/hard\libg.a(lib_a-atexit.o)
                0x08008260                atexit
 .text.__libc_fini_array
                0x0800826c       0x2c c:/progra~2/gnuarm~1/102021~1.10/bin/../lib/gcc/arm-none-eabi/10.3.1/../../../../arm-none-eabi/lib/thumb/v7e-m+fp/hard\libg.a(lib_a-fini.o)
                0x0800826c                __libc_fini_array
 .text._malloc_trim_r
                0x08008298       0xa0 c:/progra~2/gnuarm~1/102021~1.10/bin/../lib/gcc/arm-none-eabi/10.3.1/../../../../arm-none-eabi/lib/thumb/v7e-m+fp/hard\libg.a(lib_a-freer.o)
                0x08008298                _malloc_trim_r
 .text._free_r  0x08008338      0x20c c:/progra~2/gnuarm~1/102021~1.10/bin/../lib/gcc/arm-none-eabi/10.3.1/../../../../arm-none-eabi/lib/thumb/v7e-m+fp/hard\libg.a(lib_a-freer.o)
                0x08008338                _free_r
 .text.__retarget_lock_acquire_recursive
                0x08008544        0x4 c:/progra~2/gnuarm~1/102021~1.10/bin/../lib/gcc/arm-none-eabi/10.3.1/../../../../arm-none-eabi/lib/thumb/v7e-m+fp/hard\libg.a(lib_a-lock.o)
                0x08008544                __retarget_lock_acquire_recursive
 .text.__retarget_lock_release_recursive
                0x08008548        0x4 c:/progra~2/gnuarm~1/102021~1.10/bin/../lib/gcc/arm-none-eabi/10.3.1/../../../../arm-none-eabi/lib/thumb/v7e-m+fp/hard\libg.a(lib_a-lock.o)
                0x08008548                __retarget_lock_release_recursive
 .text.__register_exitproc
                0x0800854c       0x8c c:/progra~2/gnuarm~1/102021~1.10/bin/../lib/gcc/arm-none-eabi/10.3.1/../../../../arm-none-eabi/lib/thumb/v7e-m+fp/hard\libg.a(lib_a-__atexit.o)
                0x0800854c                __register_exitproc
 .text.acosf    0x080085d8       0x58 c:/progra~2/gnuarm~1/102021~1.10/bin/../lib/gcc/arm-none-eabi/10.3.1/../../../../arm-none-eabi/lib/thumb/v7e-m+fp/hard\libm.a(lib_a-wf_acos.o)
                0x080085d8                acosf
 .text.asinf    0x08008630       0x58 c:/progra~2/gnuarm~1/102021~1.10/bin/../lib/gcc/arm-none-eabi/10.3.1/../../../../arm-none-eabi/lib/thumb/v7e-m+fp/hard\libm.a(lib_a-wf_asin.o)
                0x08008630                asinf
 .text.atan2f   0x08008688        0x4 c:/progra~2/gnuarm~1/102021~1.10/bin/../lib/gcc/arm-none-eabi/10.3.1/../../../../arm-none-eabi/lib/thumb/v7e-m+fp/hard\libm.a(lib_a-wf_atan2.o)
                0x08008688                atan2f
 .text.sqrtf    0x0800868c       0x44 c:/progra~2/gnuarm~1/102021~1.10/bin/../lib/gcc/arm-none-eabi/10.3.1/../../../../arm-none-eabi/lib/thumb/v7e-m+fp/hard\libm.a(lib_a-wf_sqrt.o)
                0x0800868c                sqrtf
 .text.__ieee754_acosf
                0x080086d0      0x248 c:/progra~2/gnuarm~1/102021~1.10/bin/../lib/gcc/arm-none-eabi/10.3.1/../../../../arm-none-eabi/lib/thumb/v7e-m+fp/hard\libm.a(lib_a-ef_acos.o)
                0x080086d0                __ieee754_acosf
 .text.__ieee754_asinf
                0x08008918      0x20c c:/progra~2/gnuarm~1/102021~1.10/bin/../lib/gcc/arm-none-eabi/10.3.1/../../../../arm-none-eabi/lib/thumb/v7e-m+fp/hard\libm.a(lib_a-ef_asin.o)
                0x08008918                __ieee754_asinf
 .text.__ieee754_atan2f
                0x08008b24      0x150 c:/progra~2/gnuarm~1/102021~1.10/bin/../lib/gcc/arm-none-eabi/10.3.1/../../../../arm-none-eabi/lib/thumb/v7e-m+fp/hard\libm.a(lib_a-ef_atan2.o)
                0x08008b24                __ieee754_atan2f
 .text.__ieee754_sqrtf
                0x08008c74        0x8 c:/progra~2/gnuarm~1/102021~1.10/bin/../lib/gcc/arm-none-eabi/10.3.1/../../../../arm-none-eabi/lib/thumb/v7e-m+fp/hard\libm.a(lib_a-ef_sqrt.o)
                0x08008c74                __ieee754_sqrtf
 .text.atanf    0x08008c7c      0x1b4 c:/progra~2/gnuarm~1/102021~1.10/bin/../lib/gcc/arm-none-eabi/10.3.1/../../../../arm-none-eabi/lib/thumb/v7e-m+fp/hard\libm.a(lib_a-sf_atan.o)
                0x08008c7c                atanf
 .text.fabsf    0x08008e30       0x10 c:/progra~2/gnuarm~1/102021~1.10/bin/../lib/gcc/arm-none-eabi/10.3.1/../../../../arm-none-eabi/lib/thumb/v7e-m+fp/hard\libm.a(lib_a-sf_fabs.o)
                0x08008e30                fabsf
 .text.nanf     0x08008e40        0xc c:/progra~2/gnuarm~1/102021~1.10/bin/../lib/gcc/arm-none-eabi/10.3.1/../../../../arm-none-eabi/lib/thumb/v7e-m+fp/hard\libm.a(lib_a-sf_nan.o)
                0x08008e40                nanf
 *(.glue_7)
 .glue_7        0x08008e4c        0x0 linker stubs
 *(.glue_7t)
 .glue_7t       0x08008e4c        0x0 linker stubs
 *(.eh_frame)
 .eh_frame      0x08008e4c        0x0 c:/progra~2/gnuarm~1/102021~1.10/bin/../lib/gcc/arm-none-eabi/10.3.1/thumb/v7e-m+fp/hard/crtbegin.o
 *(.init)
 .init          0x08008e4c        0x4 c:/progra~2/gnuarm~1/102021~1.10/bin/../lib/gcc/arm-none-eabi/10.3.1/thumb/v7e-m+fp/hard/crti.o
                0x08008e4c                _init
 .init          0x08008e50        0x8 c:/progra~2/gnuarm~1/102021~1.10/bin/../lib/gcc/arm-none-eabi/10.3.1/thumb/v7e-m+fp/hard/crtn.o
 *(.fini)
 .fini          0x08008e58        0x4 c:/progra~2/gnuarm~1/102021~1.10/bin/../lib/gcc/arm-none-eabi/10.3.1/thumb/v7e-m+fp/hard/crti.o
                0x08008e58                _fini
 .fini          0x08008e5c        0x8 c:/progra~2/gnuarm~1/102021~1.10/bin/../lib/gcc/arm-none-eabi/10.3.1/thumb/v7e-m+fp/hard/crtn.o
                0x08008e64                . = ALIGN (0x4)
                0x08008e64                _etext = .

.vfp11_veneer   0x08008e64        0x0
 .vfp11_veneer  0x08008e64        0x0 linker stubs

.v4_bx          0x08008e64        0x0
 .v4_bx         0x08008e64        0x0 linker stubs

.iplt           0x08008e64        0x0
 .iplt          0x08008e64        0x0 c:/progra~2/gnuarm~1/102021~1.10/bin/../lib/gcc/arm-none-eabi/10.3.1/thumb/v7e-m+fp/hard/crtbegin.o

.rodata         0x08008e64      0x9e4
                0x08008e64                . = ALIGN (0x4)
 *(.rodata)
 .rodata        0x08008e64        0x8 CMakeFiles/control.elf.dir/applications/BMI088driver.c.obj
 *(.rodata*)
 .rodata.str1.4
                0x08008e6c       0x1c CMakeFiles/control.elf.dir/Core/Src/freertos.c.obj
 .rodata.INSTask_attributes
                0x08008e88       0x24 CMakeFiles/control.elf.dir/Core/Src/freertos.c.obj
                0x08008e88                INSTask_attributes
 .rodata.LED_GREEN_attributes
                0x08008eac       0x24 CMakeFiles/control.elf.dir/Core/Src/freertos.c.obj
                0x08008eac                LED_GREEN_attributes
 .rodata.LED_RED_attributes
                0x08008ed0       0x24 CMakeFiles/control.elf.dir/Core/Src/freertos.c.obj
                0x08008ed0                LED_RED_attributes
 .rodata.AHBPrescTable
                0x08008ef4       0x10 CMakeFiles/control.elf.dir/Core/Src/system_stm32f4xx.c.obj
                0x08008ef4                AHBPrescTable
 .rodata.APBPrescTable
                0x08008f04        0x8 CMakeFiles/control.elf.dir/Core/Src/system_stm32f4xx.c.obj
                0x08008f04                APBPrescTable
 .rodata.sinTable_f32
                0x08008f0c      0x804 CMakeFiles/control.elf.dir/DSP_LIB/Source/CommonTables/arm_common_tables.c.obj
                0x08008f0c                sinTable_f32
 .rodata.flagBitshiftOffset.0
                0x08009710        0x8 CMakeFiles/control.elf.dir/Drivers/STM32F4xx_HAL_Driver/Src/stm32f4xx_hal_dma.c.obj
 .rodata.vTaskStartScheduler.str1.4
                0x08009718        0x5 CMakeFiles/control.elf.dir/Middlewares/Third_Party/FreeRTOS/Source/tasks.c.obj
 *fill*         0x0800971d        0x3 
 .rodata.prvCheckForValidListAndQueue.str1.4
                0x08009720        0x5 CMakeFiles/control.elf.dir/Middlewares/Third_Party/FreeRTOS/Source/timers.c.obj
 *fill*         0x08009725        0x3 
 .rodata.xTimerCreateTimerTask.str1.4
                0x08009728        0x8 CMakeFiles/control.elf.dir/Middlewares/Third_Party/FreeRTOS/Source/timers.c.obj
 .rodata.write_BMI088_accel_reg_data_error
                0x08009730       0x12 CMakeFiles/control.elf.dir/applications/BMI088driver.c.obj
 *fill*         0x08009742        0x2 
 .rodata.write_BMI088_gyro_reg_data_error
                0x08009744       0x12 CMakeFiles/control.elf.dir/applications/BMI088driver.c.obj
 *fill*         0x08009756        0x2 
 .rodata.IMU_QuaternionEKF_F
                0x08009758       0x90 CMakeFiles/control.elf.dir/applications/QuaternionEKF.c.obj
                0x08009758                IMU_QuaternionEKF_F
 .rodata.xb     0x080097e8        0xc CMakeFiles/control.elf.dir/applications/ins_task.c.obj
                0x080097e8                xb
 .rodata.yb     0x080097f4        0xc CMakeFiles/control.elf.dir/applications/ins_task.c.obj
                0x080097f4                yb
 .rodata.zb     0x08009800        0xc CMakeFiles/control.elf.dir/applications/ins_task.c.obj
                0x08009800                zb
 .rodata._global_impure_ptr
                0x0800980c        0x4 c:/progra~2/gnuarm~1/102021~1.10/bin/../lib/gcc/arm-none-eabi/10.3.1/../../../../arm-none-eabi/lib/thumb/v7e-m+fp/hard\libg.a(lib_a-impure.o)
                0x0800980c                _global_impure_ptr
 .rodata.acosf.str1.4
                0x08009810        0x8 c:/progra~2/gnuarm~1/102021~1.10/bin/../lib/gcc/arm-none-eabi/10.3.1/../../../../arm-none-eabi/lib/thumb/v7e-m+fp/hard\libm.a(lib_a-wf_acos.o)
                                  0x1 (size before relaxing)
 .rodata.asinf.str1.4
                0x08009810        0x1 c:/progra~2/gnuarm~1/102021~1.10/bin/../lib/gcc/arm-none-eabi/10.3.1/../../../../arm-none-eabi/lib/thumb/v7e-m+fp/hard\libm.a(lib_a-wf_asin.o)
 .rodata.CSWTCH.8
                0x08009810        0xc c:/progra~2/gnuarm~1/102021~1.10/bin/../lib/gcc/arm-none-eabi/10.3.1/../../../../arm-none-eabi/lib/thumb/v7e-m+fp/hard\libm.a(lib_a-ef_atan2.o)
 .rodata.CSWTCH.9
                0x0800981c        0xc c:/progra~2/gnuarm~1/102021~1.10/bin/../lib/gcc/arm-none-eabi/10.3.1/../../../../arm-none-eabi/lib/thumb/v7e-m+fp/hard\libm.a(lib_a-ef_atan2.o)
 .rodata.atanhi
                0x08009828       0x10 c:/progra~2/gnuarm~1/102021~1.10/bin/../lib/gcc/arm-none-eabi/10.3.1/../../../../arm-none-eabi/lib/thumb/v7e-m+fp/hard\libm.a(lib_a-sf_atan.o)
 .rodata.atanlo
                0x08009838       0x10 c:/progra~2/gnuarm~1/102021~1.10/bin/../lib/gcc/arm-none-eabi/10.3.1/../../../../arm-none-eabi/lib/thumb/v7e-m+fp/hard\libm.a(lib_a-sf_atan.o)
                0x08009848                . = ALIGN (0x4)

.ARM.extab      0x08009848        0x0
                0x08009848                . = ALIGN (0x4)
 *(.ARM.extab* .gnu.linkonce.armextab.*)
                0x08009848                . = ALIGN (0x4)

.ARM            0x08009848        0x8
                0x08009848                . = ALIGN (0x4)
                0x08009848                __exidx_start = .
 *(.ARM.exidx*)
 .ARM.exidx     0x08009848        0x8 c:/progra~2/gnuarm~1/102021~1.10/bin/../lib/gcc/arm-none-eabi/10.3.1/thumb/v7e-m+fp/hard\libgcc.a(_udivmoddi4.o)
                0x08009850                __exidx_end = .
                0x08009850                . = ALIGN (0x4)

.rel.dyn        0x08009850        0x0
 .rel.iplt      0x08009850        0x0 c:/progra~2/gnuarm~1/102021~1.10/bin/../lib/gcc/arm-none-eabi/10.3.1/thumb/v7e-m+fp/hard/crtbegin.o

.preinit_array  0x08009850        0x0
                0x08009850                . = ALIGN (0x4)
                0x08009850                PROVIDE (__preinit_array_start = .)
 *(.preinit_array*)
                0x08009850                PROVIDE (__preinit_array_end = .)
                0x08009850                . = ALIGN (0x4)

.init_array     0x08009850        0x8
                0x08009850                . = ALIGN (0x4)
                0x08009850                PROVIDE (__init_array_start = .)
 *(SORT_BY_NAME(.init_array.*))
 .init_array.00000
                0x08009850        0x4 c:/progra~2/gnuarm~1/102021~1.10/bin/../lib/gcc/arm-none-eabi/10.3.1/../../../../arm-none-eabi/lib/thumb/v7e-m+fp/hard\libg.a(lib_a-__call_atexit.o)
 *(.init_array*)
 .init_array    0x08009854        0x4 c:/progra~2/gnuarm~1/102021~1.10/bin/../lib/gcc/arm-none-eabi/10.3.1/thumb/v7e-m+fp/hard/crtbegin.o
                0x08009858                PROVIDE (__init_array_end = .)
                0x08009858                . = ALIGN (0x4)

.fini_array     0x08009858        0x4
                0x08009858                . = ALIGN (0x4)
                0x08009858                PROVIDE (__fini_array_start = .)
 *(SORT_BY_NAME(.fini_array.*))
 *(.fini_array*)
 .fini_array    0x08009858        0x4 c:/progra~2/gnuarm~1/102021~1.10/bin/../lib/gcc/arm-none-eabi/10.3.1/thumb/v7e-m+fp/hard/crtbegin.o
                0x0800985c                PROVIDE (__fini_array_end = .)
                0x0800985c                . = ALIGN (0x4)
                0x0800985c                _sidata = LOADADDR (.data)

.data           0x20000000      0x8f4 load address 0x0800985c
                0x20000000                . = ALIGN (0x4)
                0x20000000                _sdata = .
 *(.data)
 *(.data*)
 .data.SystemCoreClock
                0x20000000        0x4 CMakeFiles/control.elf.dir/Core/Src/system_stm32f4xx.c.obj
                0x20000000                SystemCoreClock
 .data.uwTickFreq
                0x20000004        0x1 CMakeFiles/control.elf.dir/Drivers/STM32F4xx_HAL_Driver/Src/stm32f4xx_hal.c.obj
                0x20000004                uwTickFreq
 *fill*         0x20000005        0x3 
 .data.uwTickPrio
                0x20000008        0x4 CMakeFiles/control.elf.dir/Drivers/STM32F4xx_HAL_Driver/Src/stm32f4xx_hal.c.obj
                0x20000008                uwTickPrio
 .data.uxCriticalNesting
                0x2000000c        0x4 CMakeFiles/control.elf.dir/Middlewares/Third_Party/FreeRTOS/Source/portable/GCC/ARM_CM4F/port.c.obj
 .data.BMI088_ACCEL_SEN
                0x20000010        0x4 CMakeFiles/control.elf.dir/applications/BMI088driver.c.obj
                0x20000010                BMI088_ACCEL_SEN
 .data.BMI088_GYRO_SEN
                0x20000014        0x4 CMakeFiles/control.elf.dir/applications/BMI088driver.c.obj
                0x20000014                BMI088_GYRO_SEN
 .data.caliOffset
                0x20000018        0x1 CMakeFiles/control.elf.dir/applications/BMI088driver.c.obj
                0x20000018                caliOffset
 *fill*         0x20000019        0x3 
 .data.IMU_QuaternionEKF_P
                0x2000001c       0x90 CMakeFiles/control.elf.dir/applications/QuaternionEKF.c.obj
                0x2000001c                IMU_QuaternionEKF_P
 .data.RefTemp  0x200000ac        0x4 CMakeFiles/control.elf.dir/applications/ins_task.c.obj
                0x200000ac                RefTemp
 .data._impure_ptr
                0x200000b0        0x4 c:/progra~2/gnuarm~1/102021~1.10/bin/../lib/gcc/arm-none-eabi/10.3.1/../../../../arm-none-eabi/lib/thumb/v7e-m+fp/hard\libg.a(lib_a-impure.o)
                0x200000b0                _impure_ptr
 *fill*         0x200000b4        0x4 
 .data.impure_data
                0x200000b8      0x428 c:/progra~2/gnuarm~1/102021~1.10/bin/../lib/gcc/arm-none-eabi/10.3.1/../../../../arm-none-eabi/lib/thumb/v7e-m+fp/hard\libg.a(lib_a-impure.o)
 .data.__malloc_av_
                0x200004e0      0x408 c:/progra~2/gnuarm~1/102021~1.10/bin/../lib/gcc/arm-none-eabi/10.3.1/../../../../arm-none-eabi/lib/thumb/v7e-m+fp/hard\libg.a(lib_a-mallocr.o)
                0x200004e0                __malloc_av_
 .data.__malloc_sbrk_base
                0x200008e8        0x4 c:/progra~2/gnuarm~1/102021~1.10/bin/../lib/gcc/arm-none-eabi/10.3.1/../../../../arm-none-eabi/lib/thumb/v7e-m+fp/hard\libg.a(lib_a-mallocr.o)
                0x200008e8                __malloc_sbrk_base
 .data.__malloc_trim_threshold
                0x200008ec        0x4 c:/progra~2/gnuarm~1/102021~1.10/bin/../lib/gcc/arm-none-eabi/10.3.1/../../../../arm-none-eabi/lib/thumb/v7e-m+fp/hard\libg.a(lib_a-mallocr.o)
                0x200008ec                __malloc_trim_threshold
 .data.__atexit_recursive_mutex